<?xml version="1.0"?>
<link_info>
   <banner>TMS320C2000 Linker PC v16.9.1.LTS</banner>
   <copyright>Copyright (c) 1996-2015 Texas Instruments Incorporated</copyright>
   <link_time>0x58b14f85</link_time>
   <link_errors>0x0</link_errors>
   <output_file>Axiolab_MCB_FL.out</output_file>
   <entry_point>
      <name>_c_int00</name>
      <address>0x3e206a</address>
   </entry_point>
   <input_file_list>
      <input_file id="fl-2">
         <path>.\</path>
         <kind>object</kind>
         <file>F2806x_CodeStartBranch_ebss_init.obj</file>
         <name>F2806x_CodeStartBranch_ebss_init.obj</name>
      </input_file>
      <input_file id="fl-3">
         <path>.\</path>
         <kind>object</kind>
         <file>F2806x_usDelay.obj</file>
         <name>F2806x_usDelay.obj</name>
      </input_file>
      <input_file id="fl-4">
         <path>.\</path>
         <kind>object</kind>
         <file>bl_entrytable.obj</file>
         <name>bl_entrytable.obj</name>
      </input_file>
      <input_file id="fl-5">
         <path>.\lib\</path>
         <kind>object</kind>
         <file>F2806x_Adc.obj</file>
         <name>F2806x_Adc.obj</name>
      </input_file>
      <input_file id="fl-6">
         <path>.\lib\</path>
         <kind>object</kind>
         <file>F2806x_CpuTimers.obj</file>
         <name>F2806x_CpuTimers.obj</name>
      </input_file>
      <input_file id="fl-7">
         <path>.\lib\</path>
         <kind>object</kind>
         <file>F2806x_DefaultIsr.obj</file>
         <name>F2806x_DefaultIsr.obj</name>
      </input_file>
      <input_file id="fl-8">
         <path>.\lib\</path>
         <kind>object</kind>
         <file>F2806x_GlobalVariableDefs.obj</file>
         <name>F2806x_GlobalVariableDefs.obj</name>
      </input_file>
      <input_file id="fl-9">
         <path>.\lib\</path>
         <kind>object</kind>
         <file>F2806x_PieCtrl.obj</file>
         <name>F2806x_PieCtrl.obj</name>
      </input_file>
      <input_file id="fl-a">
         <path>.\lib\</path>
         <kind>object</kind>
         <file>F2806x_PieVect.obj</file>
         <name>F2806x_PieVect.obj</name>
      </input_file>
      <input_file id="fl-b">
         <path>.\lib\</path>
         <kind>object</kind>
         <file>sysctl.obj</file>
         <name>sysctl.obj</name>
      </input_file>
      <input_file id="fl-c">
         <path>.\lib\</path>
         <kind>object</kind>
         <file>uartstdio.obj</file>
         <name>uartstdio.obj</name>
      </input_file>
      <input_file id="fl-d">
         <path>.\lib\</path>
         <kind>object</kind>
         <file>usb.obj</file>
         <name>usb.obj</name>
      </input_file>
      <input_file id="fl-e">
         <path>.\lib\</path>
         <kind>object</kind>
         <file>usb_hal.obj</file>
         <name>usb_hal.obj</name>
      </input_file>
      <input_file id="fl-f">
         <path>.\src\</path>
         <kind>object</kind>
         <file>Adc.obj</file>
         <name>Adc.obj</name>
      </input_file>
      <input_file id="fl-10">
         <path>.\src\</path>
         <kind>object</kind>
         <file>CAN29.obj</file>
         <name>CAN29.obj</name>
      </input_file>
      <input_file id="fl-11">
         <path>.\src\</path>
         <kind>object</kind>
         <file>CmdHandler.obj</file>
         <name>CmdHandler.obj</name>
      </input_file>
      <input_file id="fl-12">
         <path>.\src\</path>
         <kind>object</kind>
         <file>DescriptorTask.obj</file>
         <name>DescriptorTask.obj</name>
      </input_file>
      <input_file id="fl-13">
         <path>.\src\</path>
         <kind>object</kind>
         <file>Device_Init.obj</file>
         <name>Device_Init.obj</name>
      </input_file>
      <input_file id="fl-14">
         <path>.\src\</path>
         <kind>object</kind>
         <file>ECAN.obj</file>
         <name>ECAN.obj</name>
      </input_file>
      <input_file id="fl-15">
         <path>.\src\</path>
         <kind>object</kind>
         <file>EPWM.obj</file>
         <name>EPWM.obj</name>
      </input_file>
      <input_file id="fl-16">
         <path>.\src\</path>
         <kind>object</kind>
         <file>EQEP.obj</file>
         <name>EQEP.obj</name>
      </input_file>
      <input_file id="fl-17">
         <path>.\src\</path>
         <kind>object</kind>
         <file>I2C.obj</file>
         <name>I2C.obj</name>
      </input_file>
      <input_file id="fl-18">
         <path>.\src\</path>
         <kind>object</kind>
         <file>LightManager.obj</file>
         <name>LightManager.obj</name>
      </input_file>
      <input_file id="fl-19">
         <path>.\src\</path>
         <kind>object</kind>
         <file>MainControl.obj</file>
         <name>MainControl.obj</name>
      </input_file>
      <input_file id="fl-1a">
         <path>.\src\</path>
         <kind>object</kind>
         <file>Parcenter.obj</file>
         <name>Parcenter.obj</name>
      </input_file>
      <input_file id="fl-1b">
         <path>.\src\</path>
         <kind>object</kind>
         <file>SCI.obj</file>
         <name>SCI.obj</name>
      </input_file>
      <input_file id="fl-1c">
         <path>.\src\</path>
         <kind>object</kind>
         <file>SPI.obj</file>
         <name>SPI.obj</name>
      </input_file>
      <input_file id="fl-1d">
         <path>.\src\</path>
         <kind>object</kind>
         <file>TLShutter.obj</file>
         <name>TLShutter.obj</name>
      </input_file>
      <input_file id="fl-1e">
         <path>.\src\</path>
         <kind>object</kind>
         <file>TaskMgr.obj</file>
         <name>TaskMgr.obj</name>
      </input_file>
      <input_file id="fl-1f">
         <path>.\src\</path>
         <kind>object</kind>
         <file>Timer.obj</file>
         <name>Timer.obj</name>
      </input_file>
      <input_file id="fl-20">
         <path>.\src\</path>
         <kind>object</kind>
         <file>USB.obj</file>
         <name>USB.obj</name>
      </input_file>
      <input_file id="fl-21">
         <path>.\src\</path>
         <kind>object</kind>
         <file>XINT.obj</file>
         <name>XINT.obj</name>
      </input_file>
      <input_file id="fl-22">
         <path>.\src\</path>
         <kind>object</kind>
         <file>app.obj</file>
         <name>app.obj</name>
      </input_file>
      <input_file id="fl-23">
         <path>.\src\</path>
         <kind>object</kind>
         <file>eeprom.obj</file>
         <name>eeprom.obj</name>
      </input_file>
      <input_file id="fl-24">
         <path>.\src\</path>
         <kind>object</kind>
         <file>eeprom_mmap.obj</file>
         <name>eeprom_mmap.obj</name>
      </input_file>
      <input_file id="fl-25">
         <path>.\src\</path>
         <kind>object</kind>
         <file>lightcontrol.obj</file>
         <name>lightcontrol.obj</name>
      </input_file>
      <input_file id="fl-26">
         <path>.\src\</path>
         <kind>object</kind>
         <file>monitoring.obj</file>
         <name>monitoring.obj</name>
      </input_file>
      <input_file id="fl-27">
         <path>.\src\</path>
         <kind>object</kind>
         <file>nosepiece.obj</file>
         <name>nosepiece.obj</name>
      </input_file>
      <input_file id="fl-28">
         <path>.\src\</path>
         <kind>object</kind>
         <file>reflector.obj</file>
         <name>reflector.obj</name>
      </input_file>
      <input_file id="fl-29">
         <path>.\src\</path>
         <kind>object</kind>
         <file>rltl.obj</file>
         <name>rltl.obj</name>
      </input_file>
      <input_file id="fl-2a">
         <path>.\src\</path>
         <kind>object</kind>
         <file>usb_bulk_structs.obj</file>
         <name>usb_bulk_structs.obj</name>
      </input_file>
      <input_file id="fl-32">
         <path>C:\ti\controlSUITE\device_support\f2806x\v151\MWare\driverlib\Debug\</path>
         <kind>archive</kind>
         <file>driverlib.lib</file>
         <name>interrupt.obj</name>
      </input_file>
      <input_file id="fl-33">
         <path>C:\ti\controlSUITE\device_support\f2806x\v151\MWare\driverlib\Debug\</path>
         <kind>archive</kind>
         <file>driverlib.lib</file>
         <name>uart.obj</name>
      </input_file>
      <input_file id="fl-34">
         <path>C:\ti\controlSUITE\device_support\f2806x\v151\lib\</path>
         <kind>archive</kind>
         <file>usblib.lib</file>
         <name>usbbuffer.obj</name>
      </input_file>
      <input_file id="fl-35">
         <path>C:\ti\controlSUITE\device_support\f2806x\v151\lib\</path>
         <kind>archive</kind>
         <file>usblib.lib</file>
         <name>usbmode.obj</name>
      </input_file>
      <input_file id="fl-36">
         <path>C:\ti\controlSUITE\device_support\f2806x\v151\lib\</path>
         <kind>archive</kind>
         <file>usblib.lib</file>
         <name>usbringbuf.obj</name>
      </input_file>
      <input_file id="fl-37">
         <path>C:\ti\controlSUITE\device_support\f2806x\v151\lib\</path>
         <kind>archive</kind>
         <file>usblib.lib</file>
         <name>usbtick.obj</name>
      </input_file>
      <input_file id="fl-38">
         <path>C:\ti\controlSUITE\device_support\f2806x\v151\lib\</path>
         <kind>archive</kind>
         <file>usblib.lib</file>
         <name>usbdbulk.obj</name>
      </input_file>
      <input_file id="fl-39">
         <path>C:\ti\controlSUITE\device_support\f2806x\v151\lib\</path>
         <kind>archive</kind>
         <file>usblib.lib</file>
         <name>usbdenum.obj</name>
      </input_file>
      <input_file id="fl-3a">
         <path>C:\ti\controlSUITE\device_support\f2806x\v151\lib\</path>
         <kind>archive</kind>
         <file>usblib.lib</file>
         <name>usbdhandler.obj</name>
      </input_file>
      <input_file id="fl-3b">
         <path>C:\ti\controlSUITE\device_support\f2806x\v151\lib\</path>
         <kind>archive</kind>
         <file>usblib.lib</file>
         <name>usbhostenum.obj</name>
      </input_file>
      <input_file id="fl-3c">
         <path>C:\ti\controlSUITE\device_support\f2806x\v151\lib\</path>
         <kind>archive</kind>
         <file>usblib.lib</file>
         <name>usbdesc.obj</name>
      </input_file>
      <input_file id="fl-3d">
         <path>C:\ti\controlSUITE\device_support\f2806x\v151\lib\</path>
         <kind>archive</kind>
         <file>usblib.lib</file>
         <name>usbdma.obj</name>
      </input_file>
      <input_file id="fl-3e">
         <path>C:\ti\controlSUITE\device_support\f2806x\v151\lib\</path>
         <kind>archive</kind>
         <file>usblib.lib</file>
         <name>usbdcdesc.obj</name>
      </input_file>
      <input_file id="fl-3f">
         <path>C:\ti\controlSUITE\device_support\f2806x\v151\lib\</path>
         <kind>archive</kind>
         <file>usblib.lib</file>
         <name>usbdconfig.obj</name>
      </input_file>
      <input_file id="fl-40">
         <path>C:\ti\controlSUITE\device_support\f2806x\v151\lib\</path>
         <kind>archive</kind>
         <file>usblib.lib</file>
         <name>usbhhub.obj</name>
      </input_file>
      <input_file id="fl-41">
         <path>C:\ti\ccsv7\tools\compiler\ti-cgt-c2000_16.9.1.LTS\lib\</path>
         <kind>archive</kind>
         <file>rts2800_fpu32.lib</file>
         <name>boot28.obj</name>
      </input_file>
      <input_file id="fl-42">
         <path>C:\ti\ccsv7\tools\compiler\ti-cgt-c2000_16.9.1.LTS\lib\</path>
         <kind>archive</kind>
         <file>rts2800_fpu32.lib</file>
         <name>cpy_tbl.obj</name>
      </input_file>
      <input_file id="fl-43">
         <path>C:\ti\ccsv7\tools\compiler\ti-cgt-c2000_16.9.1.LTS\lib\</path>
         <kind>archive</kind>
         <file>rts2800_fpu32.lib</file>
         <name>exit.obj</name>
      </input_file>
      <input_file id="fl-44">
         <path>C:\ti\ccsv7\tools\compiler\ti-cgt-c2000_16.9.1.LTS\lib\</path>
         <kind>archive</kind>
         <file>rts2800_fpu32.lib</file>
         <name>fd_div28.obj</name>
      </input_file>
      <input_file id="fl-45">
         <path>C:\ti\ccsv7\tools\compiler\ti-cgt-c2000_16.9.1.LTS\lib\</path>
         <kind>archive</kind>
         <file>rts2800_fpu32.lib</file>
         <name>fd_mpy28.obj</name>
      </input_file>
      <input_file id="fl-46">
         <path>C:\ti\ccsv7\tools\compiler\ti-cgt-c2000_16.9.1.LTS\lib\</path>
         <kind>archive</kind>
         <file>rts2800_fpu32.lib</file>
         <name>fd_sub28.obj</name>
      </input_file>
      <input_file id="fl-47">
         <path>C:\ti\ccsv7\tools\compiler\ti-cgt-c2000_16.9.1.LTS\lib\</path>
         <kind>archive</kind>
         <file>rts2800_fpu32.lib</file>
         <name>fd_tofsfpu32.obj</name>
      </input_file>
      <input_file id="fl-48">
         <path>C:\ti\ccsv7\tools\compiler\ti-cgt-c2000_16.9.1.LTS\lib\</path>
         <kind>archive</kind>
         <file>rts2800_fpu32.lib</file>
         <name>fd_toul28.obj</name>
      </input_file>
      <input_file id="fl-49">
         <path>C:\ti\ccsv7\tools\compiler\ti-cgt-c2000_16.9.1.LTS\lib\</path>
         <kind>archive</kind>
         <file>rts2800_fpu32.lib</file>
         <name>fs_div28.obj</name>
      </input_file>
      <input_file id="fl-4a">
         <path>C:\ti\ccsv7\tools\compiler\ti-cgt-c2000_16.9.1.LTS\lib\</path>
         <kind>archive</kind>
         <file>rts2800_fpu32.lib</file>
         <name>fs_tofdfpu32.obj</name>
      </input_file>
      <input_file id="fl-4b">
         <path>C:\ti\ccsv7\tools\compiler\ti-cgt-c2000_16.9.1.LTS\lib\</path>
         <kind>archive</kind>
         <file>rts2800_fpu32.lib</file>
         <name>isascii.obj</name>
      </input_file>
      <input_file id="fl-4c">
         <path>C:\ti\ccsv7\tools\compiler\ti-cgt-c2000_16.9.1.LTS\lib\</path>
         <kind>archive</kind>
         <file>rts2800_fpu32.lib</file>
         <name>l_div28.obj</name>
      </input_file>
      <input_file id="fl-4d">
         <path>C:\ti\ccsv7\tools\compiler\ti-cgt-c2000_16.9.1.LTS\lib\</path>
         <kind>archive</kind>
         <file>rts2800_fpu32.lib</file>
         <name>ll_aox28.obj</name>
      </input_file>
      <input_file id="fl-4e">
         <path>C:\ti\ccsv7\tools\compiler\ti-cgt-c2000_16.9.1.LTS\lib\</path>
         <kind>archive</kind>
         <file>rts2800_fpu32.lib</file>
         <name>memcpy.obj</name>
      </input_file>
      <input_file id="fl-4f">
         <path>C:\ti\ccsv7\tools\compiler\ti-cgt-c2000_16.9.1.LTS\lib\</path>
         <kind>archive</kind>
         <file>rts2800_fpu32.lib</file>
         <name>memory.obj</name>
      </input_file>
      <input_file id="fl-50">
         <path>C:\ti\ccsv7\tools\compiler\ti-cgt-c2000_16.9.1.LTS\lib\</path>
         <kind>archive</kind>
         <file>rts2800_fpu32.lib</file>
         <name>memset.obj</name>
      </input_file>
      <input_file id="fl-51">
         <path>C:\ti\ccsv7\tools\compiler\ti-cgt-c2000_16.9.1.LTS\lib\</path>
         <kind>archive</kind>
         <file>rts2800_fpu32.lib</file>
         <name>pre_init.obj</name>
      </input_file>
      <input_file id="fl-52">
         <path>C:\ti\ccsv7\tools\compiler\ti-cgt-c2000_16.9.1.LTS\lib\</path>
         <kind>archive</kind>
         <file>rts2800_fpu32.lib</file>
         <name>startup.obj</name>
      </input_file>
      <input_file id="fl-53">
         <path>C:\ti\ccsv7\tools\compiler\ti-cgt-c2000_16.9.1.LTS\lib\</path>
         <kind>archive</kind>
         <file>rts2800_fpu32.lib</file>
         <name>strlen.obj</name>
      </input_file>
      <input_file id="fl-54">
         <path>C:\ti\ccsv7\tools\compiler\ti-cgt-c2000_16.9.1.LTS\lib\</path>
         <kind>archive</kind>
         <file>rts2800_fpu32.lib</file>
         <name>ul_tofd28.obj</name>
      </input_file>
      <input_file id="fl-55">
         <path>C:\ti\ccsv7\tools\compiler\ti-cgt-c2000_16.9.1.LTS\lib\</path>
         <kind>archive</kind>
         <file>rts2800_fpu32.lib</file>
         <name>ull_tofsfpu32.obj</name>
      </input_file>
      <input_file id="fl-56">
         <path>C:\ti\ccsv7\tools\compiler\ti-cgt-c2000_16.9.1.LTS\lib\</path>
         <kind>archive</kind>
         <file>rts2800_fpu32.lib</file>
         <name>_lock.obj</name>
      </input_file>
      <input_file id="fl-57">
         <path>C:\ti\ccsv7\tools\compiler\ti-cgt-c2000_16.9.1.LTS\lib\</path>
         <kind>archive</kind>
         <file>rts2800_fpu32.lib</file>
         <name>args_main.obj</name>
      </input_file>
      <input_file id="fl-58">
         <path>C:\ti\ccsv7\tools\compiler\ti-cgt-c2000_16.9.1.LTS\lib\</path>
         <kind>archive</kind>
         <file>rts2800_fpu32.lib</file>
         <name>fd_add28.obj</name>
      </input_file>
   </input_file_list>
   <object_component_list>
      <object_component id="oc-62">
         <name>bl_table</name>
         <load_address>0x3f0000</load_address>
         <run_address>0x3f0000</run_address>
         <size>0x2</size>
         <input_file_ref idref="fl-4"/>
      </object_component>
      <object_component id="oc-61">
         <name>app_table</name>
         <load_address>0x3d8000</load_address>
         <run_address>0x3d8000</run_address>
         <size>0x4</size>
         <input_file_ref idref="fl-4"/>
      </object_component>
      <object_component id="oc-112">
         <name>.cinit</name>
         <load_address>0x3e2ab9</load_address>
         <run_address>0x3e2ab9</run_address>
         <size>0xc5</size>
         <input_file_ref idref="fl-19"/>
      </object_component>
      <object_component id="oc-1bc">
         <name>.cinit</name>
         <load_address>0x3e2b7e</load_address>
         <run_address>0x3e2b7e</run_address>
         <size>0x46</size>
         <input_file_ref idref="fl-3b"/>
      </object_component>
      <object_component id="oc-1a9">
         <name>.cinit</name>
         <load_address>0x3e2bc4</load_address>
         <run_address>0x3e2bc4</run_address>
         <size>0x28</size>
         <input_file_ref idref="fl-38"/>
      </object_component>
      <object_component id="oc-14c">
         <name>.cinit</name>
         <load_address>0x3e2bec</load_address>
         <run_address>0x3e2bec</run_address>
         <size>0x1f</size>
         <input_file_ref idref="fl-22"/>
      </object_component>
      <object_component id="oc-119">
         <name>.cinit</name>
         <load_address>0x3e2c0b</load_address>
         <run_address>0x3e2c0b</run_address>
         <size>0x14</size>
         <input_file_ref idref="fl-1a"/>
      </object_component>
      <object_component id="oc-17b">
         <name>.cinit</name>
         <load_address>0x3e2c1f</load_address>
         <run_address>0x3e2c1f</run_address>
         <size>0x14</size>
         <input_file_ref idref="fl-29"/>
      </object_component>
      <object_component id="oc-182">
         <name>.cinit</name>
         <load_address>0x3e2c33</load_address>
         <run_address>0x3e2c33</run_address>
         <size>0x13</size>
         <input_file_ref idref="fl-2a"/>
      </object_component>
      <object_component id="oc-16d">
         <name>.cinit</name>
         <load_address>0x3e2c46</load_address>
         <run_address>0x3e2c46</run_address>
         <size>0x11</size>
         <input_file_ref idref="fl-27"/>
      </object_component>
      <object_component id="oc-174">
         <name>.cinit</name>
         <load_address>0x3e2c57</load_address>
         <run_address>0x3e2c57</run_address>
         <size>0x11</size>
         <input_file_ref idref="fl-28"/>
      </object_component>
      <object_component id="oc-108">
         <name>.cinit</name>
         <load_address>0x3e2c68</load_address>
         <run_address>0x3e2c68</run_address>
         <size>0xe</size>
         <input_file_ref idref="fl-17"/>
      </object_component>
      <object_component id="oc-1e9">
         <name>.cinit</name>
         <load_address>0x3e2c76</load_address>
         <run_address>0x3e2c76</run_address>
         <size>0xe</size>
         <input_file_ref idref="fl-43"/>
      </object_component>
      <object_component id="oc-1a2">
         <name>.cinit</name>
         <load_address>0x3e2c84</load_address>
         <run_address>0x3e2c84</run_address>
         <size>0xe</size>
         <input_file_ref idref="fl-37"/>
      </object_component>
      <object_component id="oc-196">
         <name>.cinit</name>
         <load_address>0x3e2c92</load_address>
         <run_address>0x3e2c92</run_address>
         <size>0xd</size>
         <input_file_ref idref="fl-35"/>
      </object_component>
      <object_component id="oc-12c">
         <name>.cinit</name>
         <load_address>0x3e2c9f</load_address>
         <run_address>0x3e2c9f</run_address>
         <size>0xc</size>
         <input_file_ref idref="fl-1d"/>
      </object_component>
      <object_component id="oc-fb">
         <name>.cinit</name>
         <load_address>0x3e2cab</load_address>
         <run_address>0x3e2cab</run_address>
         <size>0xa</size>
         <input_file_ref idref="fl-15"/>
      </object_component>
      <object_component id="oc-db">
         <name>.cinit</name>
         <load_address>0x3e2cb5</load_address>
         <run_address>0x3e2cb5</run_address>
         <size>0x9</size>
         <input_file_ref idref="fl-10"/>
      </object_component>
      <object_component id="oc-bf">
         <name>.cinit</name>
         <load_address>0x3e2cbe</load_address>
         <run_address>0x3e2cbe</run_address>
         <size>0x9</size>
         <input_file_ref idref="fl-c"/>
      </object_component>
      <object_component id="oc-26d">
         <name>.cinit:__lock</name>
         <load_address>0x3e2cc7</load_address>
         <run_address>0x3e2cc7</run_address>
         <size>0x5</size>
         <input_file_ref idref="fl-56"/>
      </object_component>
      <object_component id="oc-28d">
         <name>.cinit:__unlock</name>
         <load_address>0x3e2ccc</load_address>
         <run_address>0x3e2ccc</run_address>
         <size>0x5</size>
         <input_file_ref idref="fl-56"/>
      </object_component>
      <object_component id="oc-1b0">
         <name>.cinit</name>
         <load_address>0x3e2cd1</load_address>
         <run_address>0x3e2cd1</run_address>
         <size>0x5</size>
         <input_file_ref idref="fl-39"/>
      </object_component>
      <object_component id="oc-f4">
         <name>.cinit</name>
         <load_address>0x3e2cd6</load_address>
         <run_address>0x3e2cd6</run_address>
         <size>0x4</size>
         <input_file_ref idref="fl-14"/>
      </object_component>
      <object_component id="oc-133">
         <name>.cinit</name>
         <load_address>0x3e2cda</load_address>
         <run_address>0x3e2cda</run_address>
         <size>0x4</size>
         <input_file_ref idref="fl-1e"/>
      </object_component>
      <object_component id="oc-160">
         <name>.cinit</name>
         <load_address>0x3e2cde</load_address>
         <run_address>0x3e2cde</run_address>
         <size>0x4</size>
         <input_file_ref idref="fl-25"/>
      </object_component>
      <object_component id="oc-227">
         <name>.cinit</name>
         <load_address>0x3e2ce2</load_address>
         <run_address>0x3e2ce2</run_address>
         <size>0x4</size>
         <input_file_ref idref="fl-4f"/>
      </object_component>
      <object_component id="oc-261">
         <name>.text</name>
         <load_address>0x3d8004</load_address>
         <run_address>0x3d8004</run_address>
         <size>0x15d5</size>
         <input_file_ref idref="fl-3b"/>
      </object_component>
      <object_component id="oc-288">
         <name>.text</name>
         <load_address>0x3d95d9</load_address>
         <run_address>0x3d95d9</run_address>
         <size>0xfe3</size>
         <input_file_ref idref="fl-19"/>
      </object_component>
      <object_component id="oc-26e">
         <name>.text</name>
         <load_address>0x3da5bc</load_address>
         <run_address>0x3da5bc</run_address>
         <size>0xe95</size>
         <input_file_ref idref="fl-d"/>
      </object_component>
      <object_component id="oc-26f">
         <name>.text</name>
         <load_address>0x3db451</load_address>
         <run_address>0x3db451</run_address>
         <size>0x844</size>
         <input_file_ref idref="fl-39"/>
      </object_component>
      <object_component id="oc-2a1">
         <name>.text</name>
         <load_address>0x3dbc95</load_address>
         <run_address>0x3dbc95</run_address>
         <size>0x703</size>
         <input_file_ref idref="fl-26"/>
      </object_component>
      <object_component id="oc-27f">
         <name>.text</name>
         <load_address>0x3dc398</load_address>
         <run_address>0x3dc398</run_address>
         <size>0x689</size>
         <input_file_ref idref="fl-20"/>
      </object_component>
      <object_component id="oc-297">
         <name>.text</name>
         <load_address>0x3dca21</load_address>
         <run_address>0x3dca21</run_address>
         <size>0x653</size>
         <input_file_ref idref="fl-12"/>
      </object_component>
      <object_component id="oc-29b">
         <name>.text</name>
         <load_address>0x3dd074</load_address>
         <run_address>0x3dd074</run_address>
         <size>0x629</size>
         <input_file_ref idref="fl-25"/>
      </object_component>
      <object_component id="oc-28a">
         <name>.text</name>
         <load_address>0x3dd69d</load_address>
         <run_address>0x3dd69d</run_address>
         <size>0x609</size>
         <input_file_ref idref="fl-14"/>
      </object_component>
      <object_component id="oc-296">
         <name>.text</name>
         <load_address>0x3ddca6</load_address>
         <run_address>0x3ddca6</run_address>
         <size>0x4b3</size>
         <input_file_ref idref="fl-10"/>
      </object_component>
      <object_component id="oc-281">
         <name>.text</name>
         <load_address>0x3de159</load_address>
         <run_address>0x3de159</run_address>
         <size>0x472</size>
         <input_file_ref idref="fl-13"/>
      </object_component>
      <object_component id="oc-271">
         <name>.text</name>
         <load_address>0x3de5cb</load_address>
         <run_address>0x3de5cb</run_address>
         <size>0x3fe</size>
         <input_file_ref idref="fl-40"/>
      </object_component>
      <object_component id="oc-29a">
         <name>.text</name>
         <load_address>0x3de9c9</load_address>
         <run_address>0x3de9c9</run_address>
         <size>0x3c1</size>
         <input_file_ref idref="fl-29"/>
      </object_component>
      <object_component id="oc-6f">
         <name>.text:retain</name>
         <load_address>0x3ded8a</load_address>
         <run_address>0x3ded8a</run_address>
         <size>0x39b</size>
         <input_file_ref idref="fl-7"/>
      </object_component>
      <object_component id="oc-277">
         <name>.text</name>
         <load_address>0x3df125</load_address>
         <run_address>0x3df125</run_address>
         <size>0x321</size>
         <input_file_ref idref="fl-38"/>
      </object_component>
      <object_component id="oc-280">
         <name>.text</name>
         <load_address>0x3df446</load_address>
         <run_address>0x3df446</run_address>
         <size>0x2ae</size>
         <input_file_ref idref="fl-c"/>
      </object_component>
      <object_component id="oc-2a0">
         <name>.text</name>
         <load_address>0x3df6f4</load_address>
         <run_address>0x3df6f4</run_address>
         <size>0x28f</size>
         <input_file_ref idref="fl-33"/>
      </object_component>
      <object_component id="oc-289">
         <name>.text</name>
         <load_address>0x3df983</load_address>
         <run_address>0x3df983</run_address>
         <size>0x25e</size>
         <input_file_ref idref="fl-1e"/>
      </object_component>
      <object_component id="oc-264">
         <name>.text</name>
         <load_address>0x3dfbe1</load_address>
         <run_address>0x3dfbe1</run_address>
         <size>0x257</size>
         <input_file_ref idref="fl-34"/>
      </object_component>
      <object_component id="oc-262">
         <name>.text</name>
         <load_address>0x3dfe38</load_address>
         <run_address>0x3dfe38</run_address>
         <size>0x255</size>
         <input_file_ref idref="fl-35"/>
      </object_component>
      <object_component id="oc-2b7">
         <name>.text</name>
         <load_address>0x3e008d</load_address>
         <run_address>0x3e008d</run_address>
         <size>0x23a</size>
         <input_file_ref idref="fl-5"/>
      </object_component>
      <object_component id="oc-298">
         <name>.text</name>
         <load_address>0x3e02c7</load_address>
         <run_address>0x3e02c7</run_address>
         <size>0x237</size>
         <input_file_ref idref="fl-28"/>
      </object_component>
      <object_component id="oc-299">
         <name>.text</name>
         <load_address>0x3e04fe</load_address>
         <run_address>0x3e04fe</run_address>
         <size>0x231</size>
         <input_file_ref idref="fl-27"/>
      </object_component>
      <object_component id="oc-290">
         <name>.text</name>
         <load_address>0x3e072f</load_address>
         <run_address>0x3e072f</run_address>
         <size>0x1fd</size>
         <input_file_ref idref="fl-3f"/>
      </object_component>
      <object_component id="oc-293">
         <name>.text</name>
         <load_address>0x3e092c</load_address>
         <run_address>0x3e092c</run_address>
         <size>0x1d2</size>
         <input_file_ref idref="fl-4f"/>
      </object_component>
      <object_component id="oc-270">
         <name>.text</name>
         <load_address>0x3e0afe</load_address>
         <run_address>0x3e0afe</run_address>
         <size>0x19d</size>
         <input_file_ref idref="fl-32"/>
      </object_component>
      <object_component id="oc-2a9">
         <name>.text</name>
         <load_address>0x3e0c9b</load_address>
         <run_address>0x3e0c9b</run_address>
         <size>0x19a</size>
         <input_file_ref idref="fl-1a"/>
      </object_component>
      <object_component id="oc-26b">
         <name>.text</name>
         <load_address>0x3e0e35</load_address>
         <run_address>0x3e0e35</run_address>
         <size>0x184</size>
         <input_file_ref idref="fl-22"/>
      </object_component>
      <object_component id="oc-2b6">
         <name>.text</name>
         <load_address>0x3e0fb9</load_address>
         <run_address>0x3e0fb9</run_address>
         <size>0x175</size>
         <input_file_ref idref="fl-23"/>
      </object_component>
      <object_component id="oc-28f">
         <name>.text</name>
         <load_address>0x3e112e</load_address>
         <run_address>0x3e112e</run_address>
         <size>0x150</size>
         <input_file_ref idref="fl-3e"/>
      </object_component>
      <object_component id="oc-276">
         <name>.text</name>
         <load_address>0x3e127e</load_address>
         <run_address>0x3e127e</run_address>
         <size>0x146</size>
         <input_file_ref idref="fl-36"/>
      </object_component>
      <object_component id="oc-284">
         <name>.text</name>
         <load_address>0x3e13c4</load_address>
         <run_address>0x3e13c4</run_address>
         <size>0x13d</size>
         <input_file_ref idref="fl-15"/>
      </object_component>
      <object_component id="oc-29c">
         <name>.text</name>
         <load_address>0x3e1501</load_address>
         <run_address>0x3e1501</run_address>
         <size>0x13a</size>
         <input_file_ref idref="fl-11"/>
      </object_component>
      <object_component id="oc-263">
         <name>.text</name>
         <load_address>0x3e163b</load_address>
         <run_address>0x3e163b</run_address>
         <size>0xf6</size>
         <input_file_ref idref="fl-17"/>
      </object_component>
      <object_component id="oc-28b">
         <name>.text</name>
         <load_address>0x3e1731</load_address>
         <run_address>0x3e1731</run_address>
         <size>0xd8</size>
         <input_file_ref idref="fl-1d"/>
      </object_component>
      <object_component id="oc-272">
         <name>.text</name>
         <load_address>0x3e1809</load_address>
         <run_address>0x3e1809</run_address>
         <size>0xd2</size>
         <input_file_ref idref="fl-3d"/>
      </object_component>
      <object_component id="oc-275">
         <name>.text</name>
         <load_address>0x3e18db</load_address>
         <run_address>0x3e18db</run_address>
         <size>0xcb</size>
         <input_file_ref idref="fl-3c"/>
      </object_component>
      <object_component id="oc-2a6">
         <name>.text</name>
         <load_address>0x3e19a6</load_address>
         <run_address>0x3e19a6</run_address>
         <size>0xb8</size>
         <input_file_ref idref="fl-f"/>
      </object_component>
      <object_component id="oc-274">
         <name>.text</name>
         <load_address>0x3e1a5e</load_address>
         <run_address>0x3e1a5e</run_address>
         <size>0xac</size>
         <input_file_ref idref="fl-b"/>
      </object_component>
      <object_component id="oc-fd">
         <name>.text:retain</name>
         <load_address>0x3e1b0a</load_address>
         <run_address>0x3e1b0a</run_address>
         <size>0xa5</size>
         <input_file_ref idref="fl-15"/>
      </object_component>
      <object_component id="oc-256">
         <name>.text</name>
         <load_address>0x3e1baf</load_address>
         <run_address>0x3e1baf</run_address>
         <size>0x9c</size>
         <input_file_ref idref="fl-58"/>
      </object_component>
      <object_component id="oc-10a">
         <name>.text:retain</name>
         <load_address>0x3e1c4b</load_address>
         <run_address>0x3e1c4b</run_address>
         <size>0x95</size>
         <input_file_ref idref="fl-17"/>
      </object_component>
      <object_component id="oc-ce">
         <name>.text:retain</name>
         <load_address>0x3e1ce0</load_address>
         <run_address>0x3e1ce0</run_address>
         <size>0x93</size>
         <input_file_ref idref="fl-e"/>
      </object_component>
      <object_component id="oc-1ef">
         <name>.text</name>
         <load_address>0x3e1d73</load_address>
         <run_address>0x3e1d73</run_address>
         <size>0x8b</size>
         <input_file_ref idref="fl-44"/>
      </object_component>
      <object_component id="oc-208">
         <name>.text</name>
         <load_address>0x3e1dfe</load_address>
         <run_address>0x3e1dfe</run_address>
         <size>0x88</size>
         <input_file_ref idref="fl-49"/>
      </object_component>
      <object_component id="oc-1f4">
         <name>.text</name>
         <load_address>0x3e1e86</load_address>
         <run_address>0x3e1e86</run_address>
         <size>0x83</size>
         <input_file_ref idref="fl-45"/>
      </object_component>
      <object_component id="oc-273">
         <name>.text</name>
         <load_address>0x3e1f09</load_address>
         <run_address>0x3e1f09</run_address>
         <size>0x82</size>
         <input_file_ref idref="fl-37"/>
      </object_component>
      <object_component id="oc-2a2">
         <name>.text</name>
         <load_address>0x3e1f8b</load_address>
         <run_address>0x3e1f8b</run_address>
         <size>0x7d</size>
         <input_file_ref idref="fl-6"/>
      </object_component>
      <object_component id="oc-2b5">
         <name>.text</name>
         <load_address>0x3e2008</load_address>
         <run_address>0x3e2008</run_address>
         <size>0x62</size>
         <input_file_ref idref="fl-24"/>
      </object_component>
      <object_component id="oc-55">
         <name>.text</name>
         <load_address>0x3e206a</load_address>
         <run_address>0x3e206a</run_address>
         <size>0x56</size>
         <input_file_ref idref="fl-41"/>
      </object_component>
      <object_component id="oc-2a4">
         <name>.text</name>
         <load_address>0x3e20c0</load_address>
         <run_address>0x3e20c0</run_address>
         <size>0x49</size>
         <input_file_ref idref="fl-1c"/>
      </object_component>
      <object_component id="oc-13a">
         <name>.text:retain</name>
         <load_address>0x3e2109</load_address>
         <run_address>0x3e2109</run_address>
         <size>0x2e</size>
         <input_file_ref idref="fl-1f"/>
      </object_component>
      <object_component id="oc-285">
         <name>.text</name>
         <load_address>0x3e2137</load_address>
         <run_address>0x3e2137</run_address>
         <size>0x2b</size>
         <input_file_ref idref="fl-1f"/>
      </object_component>
      <object_component id="oc-217">
         <name>.text</name>
         <load_address>0x3e2162</load_address>
         <run_address>0x3e2162</run_address>
         <size>0x2a</size>
         <input_file_ref idref="fl-4c"/>
      </object_component>
      <object_component id="oc-25f">
         <name>.text</name>
         <load_address>0x3e218c</load_address>
         <run_address>0x3e218c</run_address>
         <size>0x29</size>
         <input_file_ref idref="fl-43"/>
      </object_component>
      <object_component id="oc-282">
         <name>.text</name>
         <load_address>0x3e21b5</load_address>
         <run_address>0x3e21b5</run_address>
         <size>0x28</size>
         <input_file_ref idref="fl-9"/>
      </object_component>
      <object_component id="oc-283">
         <name>.text</name>
         <load_address>0x3e21dd</load_address>
         <run_address>0x3e21dd</run_address>
         <size>0x26</size>
         <input_file_ref idref="fl-a"/>
      </object_component>
      <object_component id="oc-25c">
         <name>.text</name>
         <load_address>0x3e2203</load_address>
         <run_address>0x3e2203</run_address>
         <size>0x24</size>
         <input_file_ref idref="fl-42"/>
      </object_component>
      <object_component id="oc-1fe">
         <name>.text</name>
         <load_address>0x3e2227</load_address>
         <run_address>0x3e2227</run_address>
         <size>0x23</size>
         <input_file_ref idref="fl-47"/>
      </object_component>
      <object_component id="oc-26a">
         <name>.text</name>
         <load_address>0x3e224a</load_address>
         <run_address>0x3e224a</run_address>
         <size>0x1e</size>
         <input_file_ref idref="fl-4e"/>
      </object_component>
      <object_component id="oc-20d">
         <name>.text</name>
         <load_address>0x3e2268</load_address>
         <run_address>0x3e2268</run_address>
         <size>0x1c</size>
         <input_file_ref idref="fl-4a"/>
      </object_component>
      <object_component id="oc-203">
         <name>.text</name>
         <load_address>0x3e2284</load_address>
         <run_address>0x3e2284</run_address>
         <size>0x1b</size>
         <input_file_ref idref="fl-48"/>
      </object_component>
      <object_component id="oc-2a5">
         <name>.text</name>
         <load_address>0x3e229f</load_address>
         <run_address>0x3e229f</run_address>
         <size>0x1a</size>
         <input_file_ref idref="fl-16"/>
      </object_component>
      <object_component id="oc-25e">
         <name>.text</name>
         <load_address>0x3e22b9</load_address>
         <run_address>0x3e22b9</run_address>
         <size>0x19</size>
         <input_file_ref idref="fl-57"/>
      </object_component>
      <object_component id="oc-21c">
         <name>.text</name>
         <load_address>0x3e22d2</load_address>
         <run_address>0x3e22d2</run_address>
         <size>0x18</size>
         <input_file_ref idref="fl-4d"/>
      </object_component>
      <object_component id="oc-242">
         <name>.text</name>
         <load_address>0x3e22ea</load_address>
         <run_address>0x3e22ea</run_address>
         <size>0x16</size>
         <input_file_ref idref="fl-54"/>
      </object_component>
      <object_component id="oc-56">
         <name>.text</name>
         <load_address>0x3e2300</load_address>
         <run_address>0x3e2300</run_address>
         <size>0x13</size>
         <input_file_ref idref="fl-2"/>
      </object_component>
      <object_component id="oc-260">
         <name>.text</name>
         <load_address>0x3e2313</load_address>
         <run_address>0x3e2313</run_address>
         <size>0x12</size>
         <input_file_ref idref="fl-3a"/>
      </object_component>
      <object_component id="oc-146">
         <name>.text:retain</name>
         <load_address>0x3e2325</load_address>
         <run_address>0x3e2325</run_address>
         <size>0x11</size>
         <input_file_ref idref="fl-21"/>
      </object_component>
      <object_component id="oc-247">
         <name>.text</name>
         <load_address>0x3e2336</load_address>
         <run_address>0x3e2336</run_address>
         <size>0x11</size>
         <input_file_ref idref="fl-55"/>
      </object_component>
      <object_component id="oc-1f9">
         <name>.text</name>
         <load_address>0x3e2347</load_address>
         <run_address>0x3e2347</run_address>
         <size>0xe</size>
         <input_file_ref idref="fl-46"/>
      </object_component>
      <object_component id="oc-186">
         <name>.text:retain</name>
         <load_address>0x3e2355</load_address>
         <run_address>0x3e2355</run_address>
         <size>0xd</size>
         <input_file_ref idref="fl-32"/>
      </object_component>
      <object_component id="oc-2aa">
         <name>.text</name>
         <load_address>0x3e2362</load_address>
         <run_address>0x3e2362</run_address>
         <size>0xc</size>
         <input_file_ref idref="fl-50"/>
      </object_component>
      <object_component id="oc-2a3">
         <name>.text</name>
         <load_address>0x3e236e</load_address>
         <run_address>0x3e236e</run_address>
         <size>0xb</size>
         <input_file_ref idref="fl-1b"/>
      </object_component>
      <object_component id="oc-ee">
         <name>.text:retain</name>
         <load_address>0x3e2379</load_address>
         <run_address>0x3e2379</run_address>
         <size>0xa</size>
         <input_file_ref idref="fl-13"/>
      </object_component>
      <object_component id="oc-286">
         <name>.text</name>
         <load_address>0x3e2383</load_address>
         <run_address>0x3e2383</run_address>
         <size>0x9</size>
         <input_file_ref idref="fl-21"/>
      </object_component>
      <object_component id="oc-28c">
         <name>.text</name>
         <load_address>0x3e238c</load_address>
         <run_address>0x3e238c</run_address>
         <size>0x9</size>
         <input_file_ref idref="fl-56"/>
      </object_component>
      <object_component id="oc-295">
         <name>.text</name>
         <load_address>0x3e2395</load_address>
         <run_address>0x3e2395</run_address>
         <size>0x8</size>
         <input_file_ref idref="fl-4b"/>
      </object_component>
      <object_component id="oc-294">
         <name>.text</name>
         <load_address>0x3e239d</load_address>
         <run_address>0x3e239d</run_address>
         <size>0x8</size>
         <input_file_ref idref="fl-53"/>
      </object_component>
      <object_component id="oc-25b">
         <name>.text</name>
         <load_address>0x3e23a5</load_address>
         <run_address>0x3e23a5</run_address>
         <size>0x2</size>
         <input_file_ref idref="fl-51"/>
      </object_component>
      <object_component id="oc-25d">
         <name>.text</name>
         <load_address>0x3e23a7</load_address>
         <run_address>0x3e23a7</run_address>
         <size>0x1</size>
         <input_file_ref idref="fl-52"/>
      </object_component>
      <object_component id="oc-57">
         <name>codestart</name>
         <load_address>0x3e2d04</load_address>
         <run_address>0x3e2d04</run_address>
         <size>0x2</size>
         <input_file_ref idref="fl-2"/>
      </object_component>
      <object_component id="oc-287">
         <name>ramfuncs</name>
         <load_address>0x3e2a9a</load_address>
         <run_address>0x8000</run_address>
         <size>0x1b</size>
         <input_file_ref idref="fl-13"/>
      </object_component>
      <object_component id="oc-5c">
         <name>ramfuncs</name>
         <load_address>0x3e2ab5</load_address>
         <run_address>0x801b</run_address>
         <size>0x4</size>
         <input_file_ref idref="fl-3"/>
      </object_component>
      <object_component id="oc-1dd">
         <name>.stack</name>
         <uninitialized>true</uninitialized>
         <run_address>0xb000</run_address>
         <size>0x0</size>
         <input_file_ref idref="fl-41"/>
      </object_component>
      <object_component id="oc-314">
         <name>.stack</name>
         <uninitialized>true</uninitialized>
         <run_address>0xb000</run_address>
         <size>0x0</size>
      </object_component>
      <object_component id="oc-1bd">
         <name>.ebss</name>
         <uninitialized>true</uninitialized>
         <run_address>0x400</run_address>
         <size>0x38e</size>
         <input_file_ref idref="fl-3b"/>
      </object_component>
      <object_component id="oc-11a">
         <name>.ebss</name>
         <uninitialized>true</uninitialized>
         <run_address>0x78e</run_address>
         <size>0x2a</size>
         <input_file_ref idref="fl-1a"/>
      </object_component>
      <object_component id="oc-229">
         <name>.ebss</name>
         <uninitialized>true</uninitialized>
         <run_address>0x7b8</run_address>
         <size>0x8</size>
         <input_file_ref idref="fl-4f"/>
      </object_component>
      <object_component id="oc-1d8">
         <name>.ebss</name>
         <uninitialized>true</uninitialized>
         <run_address>0x7c0</run_address>
         <size>0x3e</size>
         <input_file_ref idref="fl-40"/>
      </object_component>
      <object_component id="oc-26c">
         <name>.ebss:__lock</name>
         <uninitialized>true</uninitialized>
         <run_address>0x7fe</run_address>
         <size>0x2</size>
         <input_file_ref idref="fl-56"/>
      </object_component>
      <object_component id="oc-183">
         <name>.ebss</name>
         <uninitialized>true</uninitialized>
         <run_address>0x8c00</run_address>
         <size>0x280</size>
         <input_file_ref idref="fl-2a"/>
      </object_component>
      <object_component id="oc-14d">
         <name>.ebss</name>
         <uninitialized>true</uninitialized>
         <run_address>0x8e80</run_address>
         <size>0x142</size>
         <input_file_ref idref="fl-22"/>
      </object_component>
      <object_component id="oc-1aa">
         <name>.ebss</name>
         <uninitialized>true</uninitialized>
         <run_address>0x8fc2</run_address>
         <size>0x1f</size>
         <input_file_ref idref="fl-38"/>
      </object_component>
      <object_component id="oc-1a3">
         <name>.ebss</name>
         <uninitialized>true</uninitialized>
         <run_address>0x8fe2</run_address>
         <size>0x1e</size>
         <input_file_ref idref="fl-37"/>
      </object_component>
      <object_component id="oc-113">
         <name>.ebss</name>
         <uninitialized>true</uninitialized>
         <run_address>0xb500</run_address>
         <size>0x25a</size>
         <input_file_ref idref="fl-19"/>
      </object_component>
      <object_component id="oc-69">
         <name>.ebss</name>
         <uninitialized>true</uninitialized>
         <run_address>0xb75a</run_address>
         <size>0x18</size>
         <input_file_ref idref="fl-6"/>
      </object_component>
      <object_component id="oc-16e">
         <name>.ebss</name>
         <uninitialized>true</uninitialized>
         <run_address>0xb772</run_address>
         <size>0xe</size>
         <input_file_ref idref="fl-27"/>
      </object_component>
      <object_component id="oc-134">
         <name>.ebss</name>
         <uninitialized>true</uninitialized>
         <run_address>0xb780</run_address>
         <size>0x240</size>
         <input_file_ref idref="fl-1e"/>
      </object_component>
      <object_component id="oc-f5">
         <name>.ebss</name>
         <uninitialized>true</uninitialized>
         <run_address>0xb9c0</run_address>
         <size>0x1b8</size>
         <input_file_ref idref="fl-14"/>
      </object_component>
      <object_component id="oc-fc">
         <name>.ebss</name>
         <uninitialized>true</uninitialized>
         <run_address>0xbb78</run_address>
         <size>0x7</size>
         <input_file_ref idref="fl-15"/>
      </object_component>
      <object_component id="oc-167">
         <name>.ebss</name>
         <uninitialized>true</uninitialized>
         <run_address>0xbb80</run_address>
         <size>0x120</size>
         <input_file_ref idref="fl-26"/>
      </object_component>
      <object_component id="oc-109">
         <name>.ebss</name>
         <uninitialized>true</uninitialized>
         <run_address>0xbca0</run_address>
         <size>0x14</size>
         <input_file_ref idref="fl-17"/>
      </object_component>
      <object_component id="oc-197">
         <name>.ebss</name>
         <uninitialized>true</uninitialized>
         <run_address>0xbcb4</run_address>
         <size>0xa</size>
         <input_file_ref idref="fl-35"/>
      </object_component>
      <object_component id="oc-2ab">
         <name>.ebss:__unlock</name>
         <uninitialized>true</uninitialized>
         <run_address>0xbcbe</run_address>
         <size>0x2</size>
         <input_file_ref idref="fl-56"/>
      </object_component>
      <object_component id="oc-1c8">
         <name>.ebss</name>
         <uninitialized>true</uninitialized>
         <run_address>0xbcc0</run_address>
         <size>0x8c</size>
         <input_file_ref idref="fl-3d"/>
      </object_component>
      <object_component id="oc-17c">
         <name>.ebss</name>
         <uninitialized>true</uninitialized>
         <run_address>0xbd4c</run_address>
         <size>0x11</size>
         <input_file_ref idref="fl-29"/>
      </object_component>
      <object_component id="oc-175">
         <name>.ebss</name>
         <uninitialized>true</uninitialized>
         <run_address>0xbd5d</run_address>
         <size>0xe</size>
         <input_file_ref idref="fl-28"/>
      </object_component>
      <object_component id="oc-1ea">
         <name>.ebss</name>
         <uninitialized>true</uninitialized>
         <run_address>0xbd6c</run_address>
         <size>0x6</size>
         <input_file_ref idref="fl-43"/>
      </object_component>
      <object_component id="oc-dc">
         <name>.ebss</name>
         <uninitialized>true</uninitialized>
         <run_address>0xbd72</run_address>
         <size>0x4</size>
         <input_file_ref idref="fl-10"/>
      </object_component>
      <object_component id="oc-161">
         <name>.ebss</name>
         <uninitialized>true</uninitialized>
         <run_address>0xbd76</run_address>
         <size>0x4</size>
         <input_file_ref idref="fl-25"/>
      </object_component>
      <object_component id="oc-c0">
         <name>.ebss</name>
         <uninitialized>true</uninitialized>
         <run_address>0xbd7a</run_address>
         <size>0x4</size>
         <input_file_ref idref="fl-c"/>
      </object_component>
      <object_component id="oc-154">
         <name>.ebss</name>
         <uninitialized>true</uninitialized>
         <run_address>0xbd7e</run_address>
         <size>0x2</size>
         <input_file_ref idref="fl-23"/>
      </object_component>
      <object_component id="oc-1b1">
         <name>.ebss</name>
         <uninitialized>true</uninitialized>
         <run_address>0xbd80</run_address>
         <size>0x80</size>
         <input_file_ref idref="fl-39"/>
      </object_component>
      <object_component id="oc-12d">
         <name>.ebss</name>
         <uninitialized>true</uninitialized>
         <run_address>0xbe00</run_address>
         <size>0x3</size>
         <input_file_ref idref="fl-1d"/>
      </object_component>
      <object_component id="oc-228">
         <name>.esysmem</name>
         <uninitialized>true</uninitialized>
         <run_address>0xa000</run_address>
         <size>0x1</size>
         <input_file_ref idref="fl-4f"/>
      </object_component>
      <object_component id="oc-315">
         <name>.esysmem</name>
         <uninitialized>true</uninitialized>
         <run_address>0xa000</run_address>
         <size>0x0</size>
      </object_component>
      <object_component id="oc-2b3">
         <name>.econst:_MMAP_ELEMENTS_NP</name>
         <load_address>0x3e23a8</load_address>
         <run_address>0x3e23a8</run_address>
         <size>0x132</size>
         <input_file_ref idref="fl-24"/>
      </object_component>
      <object_component id="oc-2a7">
         <name>.econst:_PieVectTableInit</name>
         <load_address>0x3e24da</load_address>
         <run_address>0x3e24da</run_address>
         <size>0x100</size>
         <input_file_ref idref="fl-a"/>
      </object_component>
      <object_component id="oc-2b4">
         <name>.econst:_MMAP_ELEMENTS_REF</name>
         <load_address>0x3e25da</load_address>
         <run_address>0x3e25da</run_address>
         <size>0x99</size>
         <input_file_ref idref="fl-24"/>
      </object_component>
      <object_component id="oc-2b0">
         <name>.econst:_MMAP_RFLM</name>
         <load_address>0x3e2673</load_address>
         <run_address>0x3e2673</run_address>
         <size>0x96</size>
         <input_file_ref idref="fl-24"/>
      </object_component>
      <object_component id="oc-c2">
         <name>.econst:.string</name>
         <load_address>0x3e270a</load_address>
         <run_address>0x3e270a</run_address>
         <size>0x68</size>
         <input_file_ref idref="fl-c"/>
      </object_component>
      <object_component id="oc-2b2">
         <name>.econst:_MMAP_USRSETTING</name>
         <load_address>0x3e2772</load_address>
         <run_address>0x3e2772</run_address>
         <size>0x5d</size>
         <input_file_ref idref="fl-24"/>
      </object_component>
      <object_component id="oc-2ae">
         <name>.econst:_MMAP_XYZ</name>
         <load_address>0x3e27cf</load_address>
         <run_address>0x3e27cf</run_address>
         <size>0x51</size>
         <input_file_ref idref="fl-24"/>
      </object_component>
      <object_component id="oc-2b1">
         <name>.econst:_MMAP_TMLM</name>
         <load_address>0x3e2820</load_address>
         <run_address>0x3e2820</run_address>
         <size>0x2a</size>
         <input_file_ref idref="fl-24"/>
      </object_component>
      <object_component id="oc-27d">
         <name>.econst:_g_pui8ConfigString</name>
         <load_address>0x3e284a</load_address>
         <run_address>0x3e284a</run_address>
         <size>0x2a</size>
         <input_file_ref idref="fl-2a"/>
      </object_component>
      <object_component id="oc-2af">
         <name>.econst:_MMAP_LIGHTCTRL</name>
         <load_address>0x3e2874</load_address>
         <run_address>0x3e2874</run_address>
         <size>0x27</size>
         <input_file_ref idref="fl-24"/>
      </object_component>
      <object_component id="oc-2ad">
         <name>.econst:_MMAP_MCB</name>
         <load_address>0x3e289b</load_address>
         <run_address>0x3e289b</run_address>
         <size>0x27</size>
         <input_file_ref idref="fl-24"/>
      </object_component>
      <object_component id="oc-14e">
         <name>.econst:.string</name>
         <load_address>0x3e28c2</load_address>
         <run_address>0x3e28c2</run_address>
         <size>0x26</size>
         <input_file_ref idref="fl-22"/>
      </object_component>
      <object_component id="oc-27c">
         <name>.econst:_g_pui8DataInterfaceString</name>
         <load_address>0x3e28e8</load_address>
         <run_address>0x3e28e8</run_address>
         <size>0x22</size>
         <input_file_ref idref="fl-2a"/>
      </object_component>
      <object_component id="oc-27a">
         <name>.econst:_g_pui8ProductString</name>
         <load_address>0x3e290a</load_address>
         <run_address>0x3e290a</run_address>
         <size>0x22</size>
         <input_file_ref idref="fl-2a"/>
      </object_component>
      <object_component id="oc-121">
         <name>.econst:.string</name>
         <load_address>0x3e292c</load_address>
         <run_address>0x3e292c</run_address>
         <size>0x1d</size>
         <input_file_ref idref="fl-1b"/>
      </object_component>
      <object_component id="oc-28e">
         <name>.econst:_g_psUSBDStdRequests</name>
         <load_address>0x3e294a</load_address>
         <run_address>0x3e294a</run_address>
         <size>0x1a</size>
         <input_file_ref idref="fl-39"/>
      </object_component>
      <object_component id="oc-e8">
         <name>.econst:.string</name>
         <load_address>0x3e2964</load_address>
         <run_address>0x3e2964</run_address>
         <size>0x18</size>
         <input_file_ref idref="fl-12"/>
      </object_component>
      <object_component id="oc-291">
         <name>.econst:_g_sBulkHandlers</name>
         <load_address>0x3e297c</load_address>
         <run_address>0x3e297c</run_address>
         <size>0x18</size>
         <input_file_ref idref="fl-38"/>
      </object_component>
      <object_component id="oc-27e">
         <name>.econst:_g_pui8BulkInterface</name>
         <load_address>0x3e2994</load_address>
         <run_address>0x3e2994</run_address>
         <size>0x17</size>
         <input_file_ref idref="fl-38"/>
      </object_component>
      <object_component id="oc-279">
         <name>.econst:_g_pui8ManufacturerString</name>
         <load_address>0x3e29ab</load_address>
         <run_address>0x3e29ab</run_address>
         <size>0x16</size>
         <input_file_ref idref="fl-2a"/>
      </object_component>
      <object_component id="oc-11b">
         <name>.econst:.string</name>
         <load_address>0x3e29c2</load_address>
         <run_address>0x3e29c2</run_address>
         <size>0x13</size>
         <input_file_ref idref="fl-1a"/>
      </object_component>
      <object_component id="oc-27b">
         <name>.econst:_g_pui8SerialNumberString</name>
         <load_address>0x3e29d5</load_address>
         <run_address>0x3e29d5</run_address>
         <size>0x12</size>
         <input_file_ref idref="fl-2a"/>
      </object_component>
      <object_component id="oc-265">
         <name>.econst:_g_sRxBuffer</name>
         <load_address>0x3e29e8</load_address>
         <run_address>0x3e29e8</run_address>
         <size>0x12</size>
         <input_file_ref idref="fl-2a"/>
      </object_component>
      <object_component id="oc-266">
         <name>.econst:_g_sTxBuffer</name>
         <load_address>0x3e29fa</load_address>
         <run_address>0x3e29fa</run_address>
         <size>0x12</size>
         <input_file_ref idref="fl-2a"/>
      </object_component>
      <object_component id="oc-155">
         <name>.econst:.string</name>
         <load_address>0x3e2a0c</load_address>
         <run_address>0x3e2a0c</run_address>
         <size>0x10</size>
         <input_file_ref idref="fl-23"/>
      </object_component>
      <object_component id="oc-cf">
         <name>.econst</name>
         <load_address>0x3e2a1c</load_address>
         <run_address>0x3e2a1c</run_address>
         <size>0x10</size>
         <input_file_ref idref="fl-e"/>
      </object_component>
      <object_component id="oc-dd">
         <name>.econst:.string</name>
         <load_address>0x3e2a2c</load_address>
         <run_address>0x3e2a2c</run_address>
         <size>0xf</size>
         <input_file_ref idref="fl-10"/>
      </object_component>
      <object_component id="oc-29d">
         <name>.econst:_$P$T0$1</name>
         <load_address>0x3e2a3b</load_address>
         <run_address>0x3e2a3b</run_address>
         <size>0xf</size>
         <input_file_ref idref="fl-20"/>
      </object_component>
      <object_component id="oc-c8">
         <name>.econst:.string</name>
         <load_address>0x3e2a4a</load_address>
         <run_address>0x3e2a4a</run_address>
         <size>0xd</size>
         <input_file_ref idref="fl-d"/>
      </object_component>
      <object_component id="oc-140">
         <name>.econst:.string</name>
         <load_address>0x3e2a58</load_address>
         <run_address>0x3e2a58</run_address>
         <size>0xd</size>
         <input_file_ref idref="fl-20"/>
      </object_component>
      <object_component id="oc-267">
         <name>.econst:_g_ppui8StringDescriptors</name>
         <load_address>0x3e2a66</load_address>
         <run_address>0x3e2a66</run_address>
         <size>0xc</size>
         <input_file_ref idref="fl-2a"/>
      </object_component>
      <object_component id="oc-d5">
         <name>.econst</name>
         <load_address>0x3e2a72</load_address>
         <run_address>0x3e2a72</run_address>
         <size>0x8</size>
         <input_file_ref idref="fl-f"/>
      </object_component>
      <object_component id="oc-29f">
         <name>.econst:_g_ulUARTBase</name>
         <load_address>0x3e2a7a</load_address>
         <run_address>0x3e2a7a</run_address>
         <size>0x6</size>
         <input_file_ref idref="fl-c"/>
      </object_component>
      <object_component id="oc-29e">
         <name>.econst:_g_ulUARTPeriph</name>
         <load_address>0x3e2a80</load_address>
         <run_address>0x3e2a80</run_address>
         <size>0x6</size>
         <input_file_ref idref="fl-c"/>
      </object_component>
      <object_component id="oc-278">
         <name>.econst:_g_pui8LangDescriptor</name>
         <load_address>0x3e2a86</load_address>
         <run_address>0x3e2a86</run_address>
         <size>0x4</size>
         <input_file_ref idref="fl-2a"/>
      </object_component>
      <object_component id="oc-2ac">
         <name>.econst:_g_sBulkConfigHeader</name>
         <load_address>0x3e2a8a</load_address>
         <run_address>0x3e2a8a</run_address>
         <size>0x4</size>
         <input_file_ref idref="fl-38"/>
      </object_component>
      <object_component id="oc-268">
         <name>.econst:_g_sBulkConfigSection</name>
         <load_address>0x3e2a8e</load_address>
         <run_address>0x3e2a8e</run_address>
         <size>0x4</size>
         <input_file_ref idref="fl-38"/>
      </object_component>
      <object_component id="oc-269">
         <name>.econst:_g_sBulkInterfaceSection</name>
         <load_address>0x3e2a92</load_address>
         <run_address>0x3e2a92</run_address>
         <size>0x4</size>
         <input_file_ref idref="fl-38"/>
      </object_component>
      <object_component id="oc-292">
         <name>.econst:_g_ppBulkConfigDescriptors</name>
         <load_address>0x3e2a96</load_address>
         <run_address>0x3e2a96</run_address>
         <size>0x2</size>
         <input_file_ref idref="fl-38"/>
      </object_component>
      <object_component id="oc-c1">
         <name>.econst</name>
         <load_address>0x3e2a98</load_address>
         <run_address>0x3e2a98</run_address>
         <size>0x2</size>
         <input_file_ref idref="fl-c"/>
      </object_component>
      <object_component id="oc-2a8">
         <name>.switch:_Read_NPRefl_Position</name>
         <load_address>0x3e2ce8</load_address>
         <run_address>0x3e2ce8</run_address>
         <size>0x1c</size>
         <input_file_ref idref="fl-19"/>
      </object_component>
      <object_component id="oc-1de">
         <name>.reset</name>
         <load_address>0x3fffc0</load_address>
         <run_address>0x3fffc0</run_address>
         <size>0x2</size>
         <input_file_ref idref="fl-41"/>
      </object_component>
      <object_component id="oc-ab">
         <name>PieVectTableFile</name>
         <uninitialized>true</uninitialized>
         <run_address>0xd00</run_address>
         <size>0x100</size>
         <input_file_ref idref="fl-8"/>
      </object_component>
      <object_component id="oc-76">
         <name>EmuKeyVar</name>
         <uninitialized>true</uninitialized>
         <run_address>0xd00</run_address>
         <size>0x1</size>
         <input_file_ref idref="fl-8"/>
      </object_component>
      <object_component id="oc-77">
         <name>EmuBModeVar</name>
         <uninitialized>true</uninitialized>
         <run_address>0xd01</run_address>
         <size>0x1</size>
         <input_file_ref idref="fl-8"/>
      </object_component>
      <object_component id="oc-78">
         <name>FlashCallbackVar</name>
         <uninitialized>true</uninitialized>
         <run_address>0xd02</run_address>
         <size>0x2</size>
         <input_file_ref idref="fl-8"/>
      </object_component>
      <object_component id="oc-79">
         <name>FlashScalingVar</name>
         <uninitialized>true</uninitialized>
         <run_address>0xd04</run_address>
         <size>0x2</size>
         <input_file_ref idref="fl-8"/>
      </object_component>
      <object_component id="oc-7b">
         <name>DevEmuRegsFile</name>
         <uninitialized>true</uninitialized>
         <run_address>0x880</run_address>
         <size>0x4</size>
         <input_file_ref idref="fl-8"/>
      </object_component>
      <object_component id="oc-7a">
         <name>SysPwrCtrlRegsFile</name>
         <uninitialized>true</uninitialized>
         <run_address>0x985</run_address>
         <size>0x3</size>
         <input_file_ref idref="fl-8"/>
      </object_component>
      <object_component id="oc-7c">
         <name>FlashRegsFile</name>
         <uninitialized>true</uninitialized>
         <run_address>0xa80</run_address>
         <size>0x8</size>
         <input_file_ref idref="fl-8"/>
      </object_component>
      <object_component id="oc-86">
         <name>CsmRegsFile</name>
         <uninitialized>true</uninitialized>
         <run_address>0xae0</run_address>
         <size>0x10</size>
         <input_file_ref idref="fl-8"/>
      </object_component>
      <object_component id="oc-83">
         <name>AdcResultFile</name>
         <uninitialized>true</uninitialized>
         <run_address>0xb00</run_address>
         <size>0x10</size>
         <input_file_ref idref="fl-8"/>
      </object_component>
      <object_component id="oc-7d">
         <name>CpuTimer0RegsFile</name>
         <uninitialized>true</uninitialized>
         <run_address>0xc00</run_address>
         <size>0x8</size>
         <input_file_ref idref="fl-8"/>
      </object_component>
      <object_component id="oc-80">
         <name>CpuTimer1RegsFile</name>
         <uninitialized>true</uninitialized>
         <run_address>0xc08</run_address>
         <size>0x8</size>
         <input_file_ref idref="fl-8"/>
      </object_component>
      <object_component id="oc-7e">
         <name>CpuTimer2RegsFile</name>
         <uninitialized>true</uninitialized>
         <run_address>0xc10</run_address>
         <size>0x8</size>
         <input_file_ref idref="fl-8"/>
      </object_component>
      <object_component id="oc-8c">
         <name>PieCtrlRegsFile</name>
         <uninitialized>true</uninitialized>
         <run_address>0xce0</run_address>
         <size>0x1a</size>
         <input_file_ref idref="fl-8"/>
      </object_component>
      <object_component id="oc-a1">
         <name>Cla1RegsFile</name>
         <uninitialized>true</uninitialized>
         <run_address>0x1400</run_address>
         <size>0x40</size>
         <input_file_ref idref="fl-8"/>
      </object_component>
      <object_component id="oc-aa">
         <name>DmaRegsFile</name>
         <uninitialized>true</uninitialized>
         <run_address>0x1000</run_address>
         <size>0xe0</size>
         <input_file_ref idref="fl-8"/>
      </object_component>
      <object_component id="oc-9b">
         <name>ECanaRegsFile</name>
         <uninitialized>true</uninitialized>
         <run_address>0x6000</run_address>
         <size>0x34</size>
         <input_file_ref idref="fl-8"/>
      </object_component>
      <object_component id="oc-9f">
         <name>ECanaLAMRegsFile</name>
         <uninitialized>true</uninitialized>
         <run_address>0x6040</run_address>
         <size>0x40</size>
         <input_file_ref idref="fl-8"/>
      </object_component>
      <object_component id="oc-ac">
         <name>ECanaMboxesFile</name>
         <uninitialized>true</uninitialized>
         <run_address>0x6100</run_address>
         <size>0x100</size>
         <input_file_ref idref="fl-8"/>
      </object_component>
      <object_component id="oc-a0">
         <name>ECanaMOTSRegsFile</name>
         <uninitialized>true</uninitialized>
         <run_address>0x6080</run_address>
         <size>0x40</size>
         <input_file_ref idref="fl-8"/>
      </object_component>
      <object_component id="oc-9c">
         <name>ECanaMOTORegsFile</name>
         <uninitialized>true</uninitialized>
         <run_address>0x60c0</run_address>
         <size>0x40</size>
         <input_file_ref idref="fl-8"/>
      </object_component>
      <object_component id="oc-94">
         <name>ECap1RegsFile</name>
         <uninitialized>true</uninitialized>
         <run_address>0x6a00</run_address>
         <size>0x20</size>
         <input_file_ref idref="fl-8"/>
      </object_component>
      <object_component id="oc-93">
         <name>ECap2RegsFile</name>
         <uninitialized>true</uninitialized>
         <run_address>0x6a20</run_address>
         <size>0x20</size>
         <input_file_ref idref="fl-8"/>
      </object_component>
      <object_component id="oc-95">
         <name>ECap3RegsFile</name>
         <uninitialized>true</uninitialized>
         <run_address>0x6a40</run_address>
         <size>0x20</size>
         <input_file_ref idref="fl-8"/>
      </object_component>
      <object_component id="oc-98">
         <name>EQep1RegsFile</name>
         <uninitialized>true</uninitialized>
         <run_address>0x6b00</run_address>
         <size>0x22</size>
         <input_file_ref idref="fl-8"/>
      </object_component>
      <object_component id="oc-96">
         <name>EQep2RegsFile</name>
         <uninitialized>true</uninitialized>
         <run_address>0x6b40</run_address>
         <size>0x22</size>
         <input_file_ref idref="fl-8"/>
      </object_component>
      <object_component id="oc-a4">
         <name>GpioCtrlRegsFile</name>
         <uninitialized>true</uninitialized>
         <run_address>0x6f80</run_address>
         <size>0x40</size>
         <input_file_ref idref="fl-8"/>
      </object_component>
      <object_component id="oc-8e">
         <name>GpioDataRegsFile</name>
         <uninitialized>true</uninitialized>
         <run_address>0x6fc0</run_address>
         <size>0x20</size>
         <input_file_ref idref="fl-8"/>
      </object_component>
      <object_component id="oc-8d">
         <name>GpioIntRegsFile</name>
         <uninitialized>true</uninitialized>
         <run_address>0x6fe0</run_address>
         <size>0x20</size>
         <input_file_ref idref="fl-8"/>
      </object_component>
      <object_component id="oc-91">
         <name>HRCap1RegsFile</name>
         <uninitialized>true</uninitialized>
         <run_address>0x6ac0</run_address>
         <size>0x20</size>
         <input_file_ref idref="fl-8"/>
      </object_component>
      <object_component id="oc-92">
         <name>HRCap2RegsFile</name>
         <uninitialized>true</uninitialized>
         <run_address>0x6ae0</run_address>
         <size>0x20</size>
         <input_file_ref idref="fl-8"/>
      </object_component>
      <object_component id="oc-8f">
         <name>HRCap3RegsFile</name>
         <uninitialized>true</uninitialized>
         <run_address>0x6c80</run_address>
         <size>0x20</size>
         <input_file_ref idref="fl-8"/>
      </object_component>
      <object_component id="oc-90">
         <name>HRCap4RegsFile</name>
         <uninitialized>true</uninitialized>
         <run_address>0x6ca0</run_address>
         <size>0x20</size>
         <input_file_ref idref="fl-8"/>
      </object_component>
      <object_component id="oc-9a">
         <name>SysCtrlRegsFile</name>
         <uninitialized>true</uninitialized>
         <run_address>0x7010</run_address>
         <size>0x30</size>
         <input_file_ref idref="fl-8"/>
      </object_component>
      <object_component id="oc-82">
         <name>SpiaRegsFile</name>
         <uninitialized>true</uninitialized>
         <run_address>0x7040</run_address>
         <size>0x10</size>
         <input_file_ref idref="fl-8"/>
      </object_component>
      <object_component id="oc-87">
         <name>SpibRegsFile</name>
         <uninitialized>true</uninitialized>
         <run_address>0x7740</run_address>
         <size>0x10</size>
         <input_file_ref idref="fl-8"/>
      </object_component>
      <object_component id="oc-84">
         <name>SciaRegsFile</name>
         <uninitialized>true</uninitialized>
         <run_address>0x7050</run_address>
         <size>0x10</size>
         <input_file_ref idref="fl-8"/>
      </object_component>
      <object_component id="oc-81">
         <name>ScibRegsFile</name>
         <uninitialized>true</uninitialized>
         <run_address>0x7750</run_address>
         <size>0x10</size>
         <input_file_ref idref="fl-8"/>
      </object_component>
      <object_component id="oc-85">
         <name>NmiIntruptRegsFile</name>
         <uninitialized>true</uninitialized>
         <run_address>0x7060</run_address>
         <size>0x10</size>
         <input_file_ref idref="fl-8"/>
      </object_component>
      <object_component id="oc-88">
         <name>XIntruptRegsFile</name>
         <uninitialized>true</uninitialized>
         <run_address>0x7070</run_address>
         <size>0x10</size>
         <input_file_ref idref="fl-8"/>
      </object_component>
      <object_component id="oc-a9">
         <name>AdcRegsFile</name>
         <uninitialized>true</uninitialized>
         <run_address>0x7100</run_address>
         <size>0x50</size>
         <input_file_ref idref="fl-8"/>
      </object_component>
      <object_component id="oc-97">
         <name>I2caRegsFile</name>
         <uninitialized>true</uninitialized>
         <run_address>0x7900</run_address>
         <size>0x22</size>
         <input_file_ref idref="fl-8"/>
      </object_component>
      <object_component id="oc-8a">
         <name>Comp1RegsFile</name>
         <uninitialized>true</uninitialized>
         <run_address>0x6400</run_address>
         <size>0x14</size>
         <input_file_ref idref="fl-8"/>
      </object_component>
      <object_component id="oc-89">
         <name>Comp2RegsFile</name>
         <uninitialized>true</uninitialized>
         <run_address>0x6420</run_address>
         <size>0x14</size>
         <input_file_ref idref="fl-8"/>
      </object_component>
      <object_component id="oc-8b">
         <name>Comp3RegsFile</name>
         <uninitialized>true</uninitialized>
         <run_address>0x6440</run_address>
         <size>0x14</size>
         <input_file_ref idref="fl-8"/>
      </object_component>
      <object_component id="oc-9e">
         <name>EPwm1RegsFile</name>
         <uninitialized>true</uninitialized>
         <run_address>0x6800</run_address>
         <size>0x40</size>
         <input_file_ref idref="fl-8"/>
      </object_component>
      <object_component id="oc-9d">
         <name>EPwm2RegsFile</name>
         <uninitialized>true</uninitialized>
         <run_address>0x6840</run_address>
         <size>0x40</size>
         <input_file_ref idref="fl-8"/>
      </object_component>
      <object_component id="oc-a8">
         <name>EPwm3RegsFile</name>
         <uninitialized>true</uninitialized>
         <run_address>0x6880</run_address>
         <size>0x40</size>
         <input_file_ref idref="fl-8"/>
      </object_component>
      <object_component id="oc-a6">
         <name>EPwm4RegsFile</name>
         <uninitialized>true</uninitialized>
         <run_address>0x68c0</run_address>
         <size>0x40</size>
         <input_file_ref idref="fl-8"/>
      </object_component>
      <object_component id="oc-a7">
         <name>EPwm5RegsFile</name>
         <uninitialized>true</uninitialized>
         <run_address>0x6900</run_address>
         <size>0x40</size>
         <input_file_ref idref="fl-8"/>
      </object_component>
      <object_component id="oc-a3">
         <name>EPwm6RegsFile</name>
         <uninitialized>true</uninitialized>
         <run_address>0x6940</run_address>
         <size>0x40</size>
         <input_file_ref idref="fl-8"/>
      </object_component>
      <object_component id="oc-a2">
         <name>EPwm7RegsFile</name>
         <uninitialized>true</uninitialized>
         <run_address>0x6980</run_address>
         <size>0x40</size>
         <input_file_ref idref="fl-8"/>
      </object_component>
      <object_component id="oc-a5">
         <name>EPwm8RegsFile</name>
         <uninitialized>true</uninitialized>
         <run_address>0x69c0</run_address>
         <size>0x40</size>
         <input_file_ref idref="fl-8"/>
      </object_component>
      <object_component id="oc-99">
         <name>McbspaRegsFile</name>
         <uninitialized>true</uninitialized>
         <run_address>0x5000</run_address>
         <size>0x24</size>
         <input_file_ref idref="fl-8"/>
      </object_component>
      <object_component id="oc-ad">
         <name>Usb0RegsFile</name>
         <uninitialized>true</uninitialized>
         <run_address>0x4000</run_address>
         <size>0x454</size>
         <input_file_ref idref="fl-8"/>
      </object_component>
      <object_component id="oc-7f">
         <name>CsmPwlFile</name>
         <uninitialized>true</uninitialized>
         <run_address>0x3f7ff8</run_address>
         <size>0x8</size>
         <input_file_ref idref="fl-8"/>
      </object_component>
      <object_component id="oc-75">
         <name>PartIdRegsFile</name>
         <uninitialized>true</uninitialized>
         <run_address>0x3d7e80</run_address>
         <size>0x1</size>
         <input_file_ref idref="fl-8"/>
      </object_component>
      <object_component id="oc-58">
         <name>.debug_info</name>
         <load_address>0x0</load_address>
         <run_address>0x0</run_address>
         <size>0x171</size>
         <input_file_ref idref="fl-2"/>
      </object_component>
      <object_component id="oc-5d">
         <name>.debug_info</name>
         <load_address>0x171</load_address>
         <run_address>0x171</run_address>
         <size>0xe3</size>
         <input_file_ref idref="fl-3"/>
      </object_component>
      <object_component id="oc-63">
         <name>.debug_info</name>
         <load_address>0x254</load_address>
         <run_address>0x254</run_address>
         <size>0x4c6f</size>
         <input_file_ref idref="fl-5"/>
      </object_component>
      <object_component id="oc-68">
         <name>.debug_info</name>
         <load_address>0x4ec3</load_address>
         <run_address>0x4ec3</run_address>
         <size>0xa29</size>
         <input_file_ref idref="fl-6"/>
      </object_component>
      <object_component id="oc-6e">
         <name>.debug_info</name>
         <load_address>0x58ec</load_address>
         <run_address>0x58ec</run_address>
         <size>0x268d</size>
         <input_file_ref idref="fl-7"/>
      </object_component>
      <object_component id="oc-74">
         <name>.debug_info</name>
         <load_address>0x7f79</load_address>
         <run_address>0x7f79</run_address>
         <size>0x1b0b9</size>
         <input_file_ref idref="fl-8"/>
      </object_component>
      <object_component id="oc-af">
         <name>.debug_info</name>
         <load_address>0x23032</load_address>
         <run_address>0x23032</run_address>
         <size>0xb54</size>
         <input_file_ref idref="fl-9"/>
      </object_component>
      <object_component id="oc-b4">
[...]
         <object_component_ref idref="oc-26f"/>
      </symbol>
      <symbol id="sm-e0b">
         <name>_g_psDCDInst</name>
         <value>0xbd84</value>
         <object_component_ref idref="oc-1b1"/>
      </symbol>
      <symbol id="sm-e0c">
         <name>_USBDeviceEnumResetHandler</name>
         <value>0x3db698</value>
         <object_component_ref idref="oc-26f"/>
      </symbol>
      <symbol id="sm-e0d">
         <name>_USBDCDDeviceInfoInit</name>
         <value>0x3db451</value>
         <object_component_ref idref="oc-26f"/>
      </symbol>
      <symbol id="sm-e0e">
         <name>_USBDCDStallEP0</name>
         <value>0x3db537</value>
         <object_component_ref idref="oc-26f"/>
      </symbol>
      <symbol id="sm-e0f">
         <name>_USBDCDTerm</name>
         <value>0x3db4df</value>
         <object_component_ref idref="oc-26f"/>
      </symbol>
      <symbol id="sm-e10">
         <name>_USBDCDRequestDataEP0</name>
         <value>0x3db512</value>
         <object_component_ref idref="oc-26f"/>
      </symbol>
      <symbol id="sm-e11">
         <name>_USBDeviceIntHandlerInternal</name>
         <value>0x3dbbfd</value>
         <object_component_ref idref="oc-26f"/>
      </symbol>
      <symbol id="sm-e12">
         <name>_USBDeviceEnumHandler</name>
         <value>0x3db5d8</value>
         <object_component_ref idref="oc-26f"/>
      </symbol>
      <symbol id="sm-e13">
         <name>_g_ppsDevInfo</name>
         <value>0xbd80</value>
         <object_component_ref idref="oc-1b1"/>
      </symbol>
      <symbol id="sm-e14">
         <name>_USBDCDSendDataEP0</name>
         <value>0x3db520</value>
         <object_component_ref idref="oc-26f"/>
      </symbol>
      <symbol id="sm-e15">
         <name>_USBDeviceResumeTickHandler</name>
         <value>0x3db56b</value>
         <object_component_ref idref="oc-26f"/>
      </symbol>
      <symbol id="sm-e16">
         <name>_USBDCDRemoteWakeupRequest</name>
         <value>0x3db555</value>
         <object_component_ref idref="oc-26f"/>
      </symbol>
      <symbol id="sm-e17">
         <name>_USBDCDSetDefaultConfiguration</name>
         <value>0x3db52f</value>
         <object_component_ref idref="oc-26f"/>
      </symbol>
      <symbol id="sm-e18">
         <name>_USBDCDPowerStatusSet</name>
         <value>0x3db548</value>
         <object_component_ref idref="oc-26f"/>
      </symbol>
      <symbol id="sm-e25">
         <name>_USB0DeviceIntHandler</name>
         <value>0x3e2313</value>
         <object_component_ref idref="oc-260"/>
      </symbol>
      <symbol id="sm-f4d">
         <name>_USB0HostIntHandler</name>
         <value>0x3d9073</value>
         <object_component_ref idref="oc-261"/>
      </symbol>
      <symbol id="sm-f4e">
         <name>_USBHCDPipeStatus</name>
         <value>0x3d847a</value>
         <object_component_ref idref="oc-261"/>
      </symbol>
      <symbol id="sm-f4f">
         <name>_USBHCDDevProtocol</name>
         <value>0x3d95b4</value>
         <object_component_ref idref="oc-261"/>
      </symbol>
      <symbol id="sm-f50">
         <name>_USBHCDPipeDataAck</name>
         <value>0x3d8651</value>
         <object_component_ref idref="oc-261"/>
      </symbol>
      <symbol id="sm-f51">
         <name>_USBHCDSetAddress</name>
         <value>0x3d8b79</value>
         <object_component_ref idref="oc-261"/>
      </symbol>
      <symbol id="sm-f52">
         <name>_USBHCDPipeAllocSize</name>
         <value>0x3d81a5</value>
         <object_component_ref idref="oc-261"/>
      </symbol>
      <symbol id="sm-f53">
         <name>_USBHCDDevClass</name>
         <value>0x3d956a</value>
         <object_component_ref idref="oc-261"/>
      </symbol>
      <symbol id="sm-f54">
         <name>_USBHCDSuspend</name>
         <value>0x3d8ab2</value>
         <object_component_ref idref="oc-261"/>
      </symbol>
      <symbol id="sm-f55">
         <name>_USBHCDEventDisable</name>
         <value>0x3d80d7</value>
         <object_component_ref idref="oc-261"/>
      </symbol>
      <symbol id="sm-f56">
         <name>_USBHCDPowerConfigSet</name>
         <value>0x3d899b</value>
         <object_component_ref idref="oc-261"/>
      </symbol>
      <symbol id="sm-f57">
         <name>_USBHCDPowerConfigInit</name>
         <value>0x3d898c</value>
         <object_component_ref idref="oc-261"/>
      </symbol>
      <symbol id="sm-f58">
         <name>_USBHCDHubDeviceDisconnected</name>
         <value>0x3d9447</value>
         <object_component_ref idref="oc-261"/>
      </symbol>
      <symbol id="sm-f59">
         <name>_USBHCDPowerAutomatic</name>
         <value>0x3d89c5</value>
         <object_component_ref idref="oc-261"/>
      </symbol>
      <symbol id="sm-f5a">
         <name>_USBHCDReset</name>
         <value>0x3d8a8c</value>
         <object_component_ref idref="oc-261"/>
      </symbol>
      <symbol id="sm-f5b">
         <name>_ConfigDescFree</name>
         <value>0x3d8055</value>
         <object_component_ref idref="oc-261"/>
      </symbol>
      <symbol id="sm-f5c">
         <name>_USBHCDInit</name>
         <value>0x3d89d0</value>
         <object_component_ref idref="oc-261"/>
      </symbol>
      <symbol id="sm-f5d">
         <name>_USBHCDResume</name>
         <value>0x3d8abb</value>
         <object_component_ref idref="oc-261"/>
      </symbol>
      <symbol id="sm-f5e">
         <name>_USBHCDPipeRead</name>
         <value>0x3d866e</value>
         <object_component_ref idref="oc-261"/>
      </symbol>
      <symbol id="sm-f5f">
         <name>_USBHCDPipeReadNonBlocking</name>
         <value>0x3d8626</value>
         <object_component_ref idref="oc-261"/>
      </symbol>
      <symbol id="sm-f60">
         <name>_USBHCDPipeWrite</name>
         <value>0x3d847f</value>
         <object_component_ref idref="oc-261"/>
      </symbol>
      <symbol id="sm-f61">
         <name>_USBHCDMain</name>
         <value>0x3d919d</value>
         <object_component_ref idref="oc-261"/>
      </symbol>
      <symbol id="sm-f62">
         <name>_USBHostIntHandlerInternal</name>
         <value>0x3d8cfd</value>
         <object_component_ref idref="oc-261"/>
      </symbol>
      <symbol id="sm-f63">
         <name>_ConfigDescAlloc</name>
         <value>0x3d8004</value>
         <object_component_ref idref="oc-261"/>
      </symbol>
      <symbol id="sm-f64">
         <name>_USBHCDRegisterDrivers</name>
         <value>0x3d8a21</value>
         <object_component_ref idref="oc-261"/>
      </symbol>
      <symbol id="sm-f65">
         <name>_USBHCDSetConfig</name>
         <value>0x3d8c22</value>
         <object_component_ref idref="oc-261"/>
      </symbol>
      <symbol id="sm-f66">
         <name>_USBHCDSetInterface</name>
         <value>0x3d8c46</value>
         <object_component_ref idref="oc-261"/>
      </symbol>
      <symbol id="sm-f67">
         <name>_InternalUSBHCDSendEvent</name>
         <value>0x3d90ee</value>
         <object_component_ref idref="oc-261"/>
      </symbol>
      <symbol id="sm-f68">
         <name>_USBHCDPipeSchedule</name>
         <value>0x3d857f</value>
         <object_component_ref idref="oc-261"/>
      </symbol>
      <symbol id="sm-f69">
         <name>_USBHCDDevSubClass</name>
         <value>0x3d958f</value>
         <object_component_ref idref="oc-261"/>
      </symbol>
      <symbol id="sm-f6a">
         <name>_USBHCDTerm</name>
         <value>0x3d8a2c</value>
         <object_component_ref idref="oc-261"/>
      </symbol>
      <symbol id="sm-f6b">
         <name>_USBHCDPipeConfig</name>
         <value>0x3d83aa</value>
         <object_component_ref idref="oc-261"/>
      </symbol>
      <symbol id="sm-f6c">
         <name>_USBHCDHubDeviceConnected</name>
         <value>0x3d93ef</value>
         <object_component_ref idref="oc-261"/>
      </symbol>
      <symbol id="sm-f6d">
         <name>_USBHCDPipeFree</name>
         <value>0x3d8783</value>
         <object_component_ref idref="oc-261"/>
      </symbol>
      <symbol id="sm-f6e">
         <name>_USBHCDDevHubPort</name>
         <value>0x3d9542</value>
         <object_component_ref idref="oc-261"/>
      </symbol>
      <symbol id="sm-f6f">
         <name>_USBHostCheckPipes</name>
         <value>0x3d8c72</value>
         <object_component_ref idref="oc-261"/>
      </symbol>
      <symbol id="sm-f70">
         <name>_USBHCDControlTransfer</name>
         <value>0x3d935d</value>
         <object_component_ref idref="oc-261"/>
      </symbol>
      <symbol id="sm-f71">
         <name>_USBHCDEventEnable</name>
         <value>0x3d80c2</value>
         <object_component_ref idref="oc-261"/>
      </symbol>
      <symbol id="sm-f72">
         <name>_USBHCDPipeAlloc</name>
         <value>0x3d839b</value>
         <object_component_ref idref="oc-261"/>
      </symbol>
      <symbol id="sm-f73">
         <name>_USBHCDDevAddress</name>
         <value>0x3d9556</value>
         <object_component_ref idref="oc-261"/>
      </symbol>
      <symbol id="sm-f74">
         <name>_USBHCDPowerConfigGet</name>
         <value>0x3d8994</value>
         <object_component_ref idref="oc-261"/>
      </symbol>
      <symbol id="sm-f97">
         <name>_USBDescGetInterfaceEndpoint</name>
         <value>0x3e1994</value>
         <object_component_ref idref="oc-275"/>
      </symbol>
      <symbol id="sm-f98">
         <name>_USBDescGet</name>
         <value>0x3e1901</value>
         <object_component_ref idref="oc-275"/>
      </symbol>
      <symbol id="sm-f99">
         <name>_USBDescGetNumAlternateInterfaces</name>
         <value>0x3e192c</value>
         <object_component_ref idref="oc-275"/>
      </symbol>
      <symbol id="sm-f9a">
         <name>_USBDescGetNum</name>
         <value>0x3e18db</value>
         <object_component_ref idref="oc-275"/>
      </symbol>
      <symbol id="sm-f9b">
         <name>_USBDescGetInterface</name>
         <value>0x3e197a</value>
         <object_component_ref idref="oc-275"/>
      </symbol>
      <symbol id="sm-fbe">
         <name>_USBLibDMAInit</name>
         <value>0x3e1882</value>
         <object_component_ref idref="oc-272"/>
      </symbol>
      <symbol id="sm-fe6">
         <name>_USBDCDConfigGetInterface</name>
         <value>0x3e1234</value>
         <object_component_ref idref="oc-28f"/>
      </symbol>
      <symbol id="sm-fe7">
         <name>_USBDCDConfigDescGetNum</name>
         <value>0x3e11a6</value>
         <object_component_ref idref="oc-28f"/>
      </symbol>
      <symbol id="sm-fe8">
         <name>_USBDCDConfigDescGetSize</name>
         <value>0x3e118d</value>
         <object_component_ref idref="oc-28f"/>
      </symbol>
      <symbol id="sm-fe9">
         <name>_USBDCDConfigGetInterfaceEndpoint</name>
         <value>0x3e124d</value>
         <object_component_ref idref="oc-28f"/>
      </symbol>
      <symbol id="sm-fea">
         <name>_USBDCDConfigDescGet</name>
         <value>0x3e11cb</value>
         <object_component_ref idref="oc-28f"/>
      </symbol>
      <symbol id="sm-feb">
         <name>_USBDCDConfigGetNumAlternateInterfaces</name>
         <value>0x3e120f</value>
         <object_component_ref idref="oc-28f"/>
      </symbol>
      <symbol id="sm-1024">
         <name>_USBDeviceConfigAlternate</name>
         <value>0x3e08c3</value>
         <object_component_ref idref="oc-290"/>
      </symbol>
      <symbol id="sm-1025">
         <name>_USBDeviceConfig</name>
         <value>0x3e0786</value>
         <object_component_ref idref="oc-290"/>
      </symbol>
      <symbol id="sm-107c">
         <name>_USBHHubInit</name>
         <value>0x3de9be</value>
         <object_component_ref idref="oc-271"/>
      </symbol>
      <symbol id="sm-107d">
         <name>_USBHHubOpen</name>
         <value>0x3de9a7</value>
         <object_component_ref idref="oc-271"/>
      </symbol>
      <symbol id="sm-107e">
         <name>_USBHHubClose</name>
         <value>0x3de9b5</value>
         <object_component_ref idref="oc-271"/>
      </symbol>
      <symbol id="sm-107f">
         <name>_USBHHubMain</name>
         <value>0x3de898</value>
         <object_component_ref idref="oc-271"/>
      </symbol>
      <symbol id="sm-1080">
         <name>_USBHHubEnumerationComplete</name>
         <value>0x3de985</value>
         <object_component_ref idref="oc-271"/>
      </symbol>
      <symbol id="sm-1081">
         <name>_USBHHubEnumerationError</name>
         <value>0x3de996</value>
         <object_component_ref idref="oc-271"/>
      </symbol>
      <symbol id="sm-109c">
         <name>_c_int00</name>
         <value>0x3e206a</value>
         <object_component_ref idref="oc-55"/>
      </symbol>
      <symbol id="sm-109d">
         <name>__stack</name>
         <value>0xb000</value>
         <object_component_ref idref="oc-1dd"/>
      </symbol>
      <symbol id="sm-10ac">
         <name>_copy_in</name>
         <value>0x3e2203</value>
         <object_component_ref idref="oc-25c"/>
      </symbol>
      <symbol id="sm-10c0">
         <name>C$$EXIT</name>
         <value>0x3e218c</value>
         <object_component_ref idref="oc-25f"/>
      </symbol>
      <symbol id="sm-10c1">
         <name>_exit</name>
         <value>0x3e218e</value>
         <object_component_ref idref="oc-25f"/>
      </symbol>
      <symbol id="sm-10c2">
         <name>___TI_cleanup_ptr</name>
         <value>0xbd6e</value>
         <object_component_ref idref="oc-1ea"/>
      </symbol>
      <symbol id="sm-10c3">
         <name>___TI_enable_exit_profile_output</name>
         <value>0xbd6c</value>
         <object_component_ref idref="oc-1ea"/>
      </symbol>
      <symbol id="sm-10c4">
         <name>_abort</name>
         <value>0x3e218c</value>
         <object_component_ref idref="oc-25f"/>
      </symbol>
      <symbol id="sm-10c5">
         <name>___TI_dtors_ptr</name>
         <value>0xbd70</value>
         <object_component_ref idref="oc-1ea"/>
      </symbol>
      <symbol id="sm-10dc">
         <name>FD$$DIV</name>
         <value>0x3e1d73</value>
         <object_component_ref idref="oc-1ef"/>
      </symbol>
      <symbol id="sm-10ee">
         <name>FD$$MPY</name>
         <value>0x3e1e86</value>
         <object_component_ref idref="oc-1f4"/>
      </symbol>
      <symbol id="sm-10fa">
         <name>FD$$SUB</name>
         <value>0x3e2347</value>
         <object_component_ref idref="oc-1f9"/>
      </symbol>
      <symbol id="sm-110a">
         <name>FD$$TOFS</name>
         <value>0x3e2227</value>
         <object_component_ref idref="oc-1fe"/>
      </symbol>
      <symbol id="sm-1119">
         <name>FD$$TOUL</name>
         <value>0x3e2284</value>
         <object_component_ref idref="oc-203"/>
      </symbol>
      <symbol id="sm-112a">
         <name>FS$$DIV</name>
         <value>0x3e1dfe</value>
         <object_component_ref idref="oc-208"/>
      </symbol>
      <symbol id="sm-113a">
         <name>FS$$TOFD</name>
         <value>0x3e2268</value>
         <object_component_ref idref="oc-20d"/>
      </symbol>
      <symbol id="sm-1146">
         <name>_isascii</name>
         <value>0x3e2395</value>
         <object_component_ref idref="oc-295"/>
      </symbol>
      <symbol id="sm-1152">
         <name>UL$$MOD</name>
         <value>0x3e2186</value>
         <object_component_ref idref="oc-217"/>
      </symbol>
      <symbol id="sm-1153">
         <name>L$$MOD</name>
         <value>0x3e2171</value>
         <object_component_ref idref="oc-217"/>
      </symbol>
      <symbol id="sm-1154">
         <name>L$$DIV</name>
         <value>0x3e2162</value>
         <object_component_ref idref="oc-217"/>
      </symbol>
      <symbol id="sm-1155">
         <name>UL$$DIV</name>
         <value>0x3e217f</value>
         <object_component_ref idref="oc-217"/>
      </symbol>
      <symbol id="sm-1161">
         <name>LL$$AND</name>
         <value>0x3e22d2</value>
         <object_component_ref idref="oc-21c"/>
      </symbol>
      <symbol id="sm-1162">
         <name>LL$$OR</name>
         <value>0x3e22da</value>
         <object_component_ref idref="oc-21c"/>
      </symbol>
      <symbol id="sm-1163">
         <name>LL$$XOR</name>
         <value>0x3e22e2</value>
         <object_component_ref idref="oc-21c"/>
      </symbol>
      <symbol id="sm-1174">
         <name>_memcpy</name>
         <value>0x3e224a</value>
         <object_component_ref idref="oc-26a"/>
      </symbol>
      <symbol id="sm-11bb">
         <name>__sys_memory</name>
         <value>0xa000</value>
         <object_component_ref idref="oc-228"/>
      </symbol>
      <symbol id="sm-11bc">
         <name>_chkheap</name>
         <value>0x3e0ae5</value>
         <object_component_ref idref="oc-293"/>
      </symbol>
      <symbol id="sm-11bd">
         <name>_realloc</name>
         <value>0x3e09f3</value>
         <object_component_ref idref="oc-293"/>
      </symbol>
      <symbol id="sm-11be">
         <name>_free_memory</name>
         <value>0x3e0ac7</value>
         <object_component_ref idref="oc-293"/>
      </symbol>
      <symbol id="sm-11bf">
         <name>_max_free</name>
         <value>0x3e0aa5</value>
         <object_component_ref idref="oc-293"/>
      </symbol>
      <symbol id="sm-11c0">
         <name>_free</name>
         <value>0x3e092c</value>
         <object_component_ref idref="oc-293"/>
      </symbol>
      <symbol id="sm-11c1">
         <name>_calloc</name>
         <value>0x3e0ae7</value>
         <object_component_ref idref="oc-293"/>
      </symbol>
      <symbol id="sm-11c2">
         <name>_malloc</name>
         <value>0x3e0995</value>
         <object_component_ref idref="oc-293"/>
      </symbol>
      <symbol id="sm-11c3">
         <name>_minit</name>
         <value>0x3e0970</value>
         <object_component_ref idref="oc-293"/>
      </symbol>
      <symbol id="sm-11d1">
         <name>_memset</name>
         <value>0x3e2362</value>
         <object_component_ref idref="oc-2aa"/>
      </symbol>
      <symbol id="sm-11dd">
         <name>__system_pre_init</name>
         <value>0x3e23a5</value>
         <object_component_ref idref="oc-25b"/>
      </symbol>
      <symbol id="sm-11e9">
         <name>__system_post_cinit</name>
         <value>0x3e23a7</value>
         <object_component_ref idref="oc-25d"/>
      </symbol>
      <symbol id="sm-11f6">
         <name>_strlen</name>
         <value>0x3e239d</value>
         <object_component_ref idref="oc-294"/>
      </symbol>
      <symbol id="sm-1207">
         <name>UL$$TOFD</name>
         <value>0x3e22ea</value>
         <object_component_ref idref="oc-242"/>
      </symbol>
      <symbol id="sm-1214">
         <name>ULL$$TOFS</name>
         <value>0x3e2336</value>
         <object_component_ref idref="oc-247"/>
      </symbol>
      <symbol id="sm-1228">
         <name>__unlock</name>
         <value>0xbcbe</value>
         <object_component_ref idref="oc-2ab"/>
      </symbol>
      <symbol id="sm-1229">
         <name>__lock</name>
         <value>0x7fe</value>
         <object_component_ref idref="oc-26c"/>
      </symbol>
      <symbol id="sm-122a">
         <name>__register_lock</name>
         <value>0x3e2390</value>
         <object_component_ref idref="oc-28c"/>
      </symbol>
      <symbol id="sm-122b">
         <name>__nop</name>
         <value>0x3e2394</value>
         <object_component_ref idref="oc-28c"/>
      </symbol>
      <symbol id="sm-122c">
         <name>__register_unlock</name>
         <value>0x3e238c</value>
         <object_component_ref idref="oc-28c"/>
      </symbol>
      <symbol id="sm-123b">
         <name>__args_main</name>
         <value>0x3e22b9</value>
         <object_component_ref idref="oc-25e"/>
      </symbol>
      <symbol id="sm-1256">
         <name>FD$$ADD</name>
         <value>0x3e1baf</value>
         <object_component_ref idref="oc-256"/>
      </symbol>
   </symbol_table>
   <title>Link successful</title>
</link_info>
