<?xml version="1.0"?>
<link_info>
   <banner>TMS320C2000 Linker PC v16.9.1.LTS</banner>
   <copyright>Copyright (c) 1996-2015 Texas Instruments Incorporated</copyright>
   <link_time>0x58afd95a</link_time>
   <link_errors>0x0</link_errors>
   <output_file>Axiolab_MCB_FL.out</output_file>
   <entry_point>
      <name>_c_int00</name>
      <address>0x3e2021</address>
   </entry_point>
   <input_file_list>
      <input_file id="fl-2">
         <path>.\</path>
         <kind>object</kind>
         <file>F2806x_CodeStartBranch_ebss_init.obj</file>
         <name>F2806x_CodeStartBranch_ebss_init.obj</name>
      </input_file>
      <input_file id="fl-3">
         <path>.\</path>
         <kind>object</kind>
         <file>F2806x_usDelay.obj</file>
         <name>F2806x_usDelay.obj</name>
      </input_file>
      <input_file id="fl-4">
         <path>.\</path>
         <kind>object</kind>
         <file>bl_entrytable.obj</file>
         <name>bl_entrytable.obj</name>
      </input_file>
      <input_file id="fl-5">
         <path>.\lib\</path>
         <kind>object</kind>
         <file>F2806x_Adc.obj</file>
         <name>F2806x_Adc.obj</name>
      </input_file>
      <input_file id="fl-6">
         <path>.\lib\</path>
         <kind>object</kind>
         <file>F2806x_CpuTimers.obj</file>
         <name>F2806x_CpuTimers.obj</name>
      </input_file>
      <input_file id="fl-7">
         <path>.\lib\</path>
         <kind>object</kind>
         <file>F2806x_DefaultIsr.obj</file>
         <name>F2806x_DefaultIsr.obj</name>
      </input_file>
      <input_file id="fl-8">
         <path>.\lib\</path>
         <kind>object</kind>
         <file>F2806x_GlobalVariableDefs.obj</file>
         <name>F2806x_GlobalVariableDefs.obj</name>
      </input_file>
      <input_file id="fl-9">
         <path>.\lib\</path>
         <kind>object</kind>
         <file>F2806x_PieCtrl.obj</file>
         <name>F2806x_PieCtrl.obj</name>
      </input_file>
      <input_file id="fl-a">
         <path>.\lib\</path>
         <kind>object</kind>
         <file>F2806x_PieVect.obj</file>
         <name>F2806x_PieVect.obj</name>
      </input_file>
      <input_file id="fl-b">
         <path>.\lib\</path>
         <kind>object</kind>
         <file>sysctl.obj</file>
         <name>sysctl.obj</name>
      </input_file>
      <input_file id="fl-c">
         <path>.\lib\</path>
         <kind>object</kind>
         <file>uartstdio.obj</file>
         <name>uartstdio.obj</name>
      </input_file>
      <input_file id="fl-d">
         <path>.\lib\</path>
         <kind>object</kind>
         <file>usb.obj</file>
         <name>usb.obj</name>
      </input_file>
      <input_file id="fl-e">
         <path>.\lib\</path>
         <kind>object</kind>
         <file>usb_hal.obj</file>
         <name>usb_hal.obj</name>
      </input_file>
      <input_file id="fl-f">
         <path>.\src\</path>
         <kind>object</kind>
         <file>Adc.obj</file>
         <name>Adc.obj</name>
      </input_file>
      <input_file id="fl-10">
         <path>.\src\</path>
         <kind>object</kind>
         <file>CAN29.obj</file>
         <name>CAN29.obj</name>
      </input_file>
      <input_file id="fl-11">
         <path>.\src\</path>
         <kind>object</kind>
         <file>CmdHandler.obj</file>
         <name>CmdHandler.obj</name>
      </input_file>
      <input_file id="fl-12">
         <path>.\src\</path>
         <kind>object</kind>
         <file>DescriptorTask.obj</file>
         <name>DescriptorTask.obj</name>
      </input_file>
      <input_file id="fl-13">
         <path>.\src\</path>
         <kind>object</kind>
         <file>Device_Init.obj</file>
         <name>Device_Init.obj</name>
      </input_file>
      <input_file id="fl-14">
         <path>.\src\</path>
         <kind>object</kind>
         <file>ECAN.obj</file>
         <name>ECAN.obj</name>
      </input_file>
      <input_file id="fl-15">
         <path>.\src\</path>
         <kind>object</kind>
         <file>EPWM.obj</file>
         <name>EPWM.obj</name>
      </input_file>
      <input_file id="fl-16">
         <path>.\src\</path>
         <kind>object</kind>
         <file>EQEP.obj</file>
         <name>EQEP.obj</name>
      </input_file>
      <input_file id="fl-17">
         <path>.\src\</path>
         <kind>object</kind>
         <file>I2C.obj</file>
         <name>I2C.obj</name>
      </input_file>
      <input_file id="fl-18">
         <path>.\src\</path>
         <kind>object</kind>
         <file>LightManager.obj</file>
         <name>LightManager.obj</name>
      </input_file>
      <input_file id="fl-19">
         <path>.\src\</path>
         <kind>object</kind>
         <file>MainControl.obj</file>
         <name>MainControl.obj</name>
      </input_file>
      <input_file id="fl-1a">
         <path>.\src\</path>
         <kind>object</kind>
         <file>Parcenter.obj</file>
         <name>Parcenter.obj</name>
      </input_file>
      <input_file id="fl-1b">
         <path>.\src\</path>
         <kind>object</kind>
         <file>SCI.obj</file>
         <name>SCI.obj</name>
      </input_file>
      <input_file id="fl-1c">
         <path>.\src\</path>
         <kind>object</kind>
         <file>SPI.obj</file>
         <name>SPI.obj</name>
      </input_file>
      <input_file id="fl-1d">
         <path>.\src\</path>
         <kind>object</kind>
         <file>TLShutter.obj</file>
         <name>TLShutter.obj</name>
      </input_file>
      <input_file id="fl-1e">
         <path>.\src\</path>
         <kind>object</kind>
         <file>TaskMgr.obj</file>
         <name>TaskMgr.obj</name>
      </input_file>
      <input_file id="fl-1f">
         <path>.\src\</path>
         <kind>object</kind>
         <file>Timer.obj</file>
         <name>Timer.obj</name>
      </input_file>
      <input_file id="fl-20">
         <path>.\src\</path>
         <kind>object</kind>
         <file>USB.obj</file>
         <name>USB.obj</name>
      </input_file>
      <input_file id="fl-21">
         <path>.\src\</path>
         <kind>object</kind>
         <file>XINT.obj</file>
         <name>XINT.obj</name>
      </input_file>
      <input_file id="fl-22">
         <path>.\src\</path>
         <kind>object</kind>
         <file>app.obj</file>
         <name>app.obj</name>
      </input_file>
      <input_file id="fl-23">
         <path>.\src\</path>
         <kind>object</kind>
         <file>eeprom.obj</file>
         <name>eeprom.obj</name>
      </input_file>
      <input_file id="fl-24">
         <path>.\src\</path>
         <kind>object</kind>
         <file>eeprom_mmap.obj</file>
         <name>eeprom_mmap.obj</name>
      </input_file>
      <input_file id="fl-25">
         <path>.\src\</path>
         <kind>object</kind>
         <file>lightcontrol.obj</file>
         <name>lightcontrol.obj</name>
      </input_file>
      <input_file id="fl-26">
         <path>.\src\</path>
         <kind>object</kind>
         <file>monitoring.obj</file>
         <name>monitoring.obj</name>
      </input_file>
      <input_file id="fl-27">
         <path>.\src\</path>
         <kind>object</kind>
         <file>nosepiece.obj</file>
         <name>nosepiece.obj</name>
      </input_file>
      <input_file id="fl-28">
         <path>.\src\</path>
         <kind>object</kind>
         <file>reflector.obj</file>
         <name>reflector.obj</name>
      </input_file>
      <input_file id="fl-29">
         <path>.\src\</path>
         <kind>object</kind>
         <file>rltl.obj</file>
         <name>rltl.obj</name>
      </input_file>
      <input_file id="fl-2a">
         <path>.\src\</path>
         <kind>object</kind>
         <file>usb_bulk_structs.obj</file>
         <name>usb_bulk_structs.obj</name>
      </input_file>
      <input_file id="fl-32">
         <path>C:\ti\controlSUITE\device_support\f2806x\v151\MWare\driverlib\Debug\</path>
         <kind>archive</kind>
         <file>driverlib.lib</file>
         <name>interrupt.obj</name>
      </input_file>
      <input_file id="fl-33">
         <path>C:\ti\controlSUITE\device_support\f2806x\v151\MWare\driverlib\Debug\</path>
         <kind>archive</kind>
         <file>driverlib.lib</file>
         <name>uart.obj</name>
      </input_file>
      <input_file id="fl-34">
         <path>C:\ti\controlSUITE\device_support\f2806x\v151\lib\</path>
         <kind>archive</kind>
         <file>usblib.lib</file>
         <name>usbbuffer.obj</name>
      </input_file>
      <input_file id="fl-35">
         <path>C:\ti\controlSUITE\device_support\f2806x\v151\lib\</path>
         <kind>archive</kind>
         <file>usblib.lib</file>
         <name>usbmode.obj</name>
      </input_file>
      <input_file id="fl-36">
         <path>C:\ti\controlSUITE\device_support\f2806x\v151\lib\</path>
         <kind>archive</kind>
         <file>usblib.lib</file>
         <name>usbringbuf.obj</name>
      </input_file>
      <input_file id="fl-37">
         <path>C:\ti\controlSUITE\device_support\f2806x\v151\lib\</path>
         <kind>archive</kind>
         <file>usblib.lib</file>
         <name>usbtick.obj</name>
      </input_file>
      <input_file id="fl-38">
         <path>C:\ti\controlSUITE\device_support\f2806x\v151\lib\</path>
         <kind>archive</kind>
         <file>usblib.lib</file>
         <name>usbdbulk.obj</name>
      </input_file>
      <input_file id="fl-39">
         <path>C:\ti\controlSUITE\device_support\f2806x\v151\lib\</path>
         <kind>archive</kind>
         <file>usblib.lib</file>
         <name>usbdenum.obj</name>
      </input_file>
      <input_file id="fl-3a">
         <path>C:\ti\controlSUITE\device_support\f2806x\v151\lib\</path>
         <kind>archive</kind>
         <file>usblib.lib</file>
         <name>usbdhandler.obj</name>
      </input_file>
      <input_file id="fl-3b">
         <path>C:\ti\controlSUITE\device_support\f2806x\v151\lib\</path>
         <kind>archive</kind>
         <file>usblib.lib</file>
         <name>usbhostenum.obj</name>
      </input_file>
      <input_file id="fl-3c">
         <path>C:\ti\controlSUITE\device_support\f2806x\v151\lib\</path>
         <kind>archive</kind>
         <file>usblib.lib</file>
         <name>usbdesc.obj</name>
      </input_file>
      <input_file id="fl-3d">
         <path>C:\ti\controlSUITE\device_support\f2806x\v151\lib\</path>
         <kind>archive</kind>
         <file>usblib.lib</file>
         <name>usbdma.obj</name>
      </input_file>
      <input_file id="fl-3e">
         <path>C:\ti\controlSUITE\device_support\f2806x\v151\lib\</path>
         <kind>archive</kind>
         <file>usblib.lib</file>
         <name>usbdcdesc.obj</name>
      </input_file>
      <input_file id="fl-3f">
         <path>C:\ti\controlSUITE\device_support\f2806x\v151\lib\</path>
         <kind>archive</kind>
         <file>usblib.lib</file>
         <name>usbdconfig.obj</name>
      </input_file>
      <input_file id="fl-40">
         <path>C:\ti\controlSUITE\device_support\f2806x\v151\lib\</path>
         <kind>archive</kind>
         <file>usblib.lib</file>
         <name>usbhhub.obj</name>
      </input_file>
      <input_file id="fl-41">
         <path>C:\ti\ccsv7\tools\compiler\ti-cgt-c2000_16.9.1.LTS\lib\</path>
         <kind>archive</kind>
         <file>rts2800_fpu32.lib</file>
         <name>boot28.obj</name>
      </input_file>
      <input_file id="fl-42">
         <path>C:\ti\ccsv7\tools\compiler\ti-cgt-c2000_16.9.1.LTS\lib\</path>
         <kind>archive</kind>
         <file>rts2800_fpu32.lib</file>
         <name>cpy_tbl.obj</name>
      </input_file>
      <input_file id="fl-43">
         <path>C:\ti\ccsv7\tools\compiler\ti-cgt-c2000_16.9.1.LTS\lib\</path>
         <kind>archive</kind>
         <file>rts2800_fpu32.lib</file>
         <name>exit.obj</name>
      </input_file>
      <input_file id="fl-44">
         <path>C:\ti\ccsv7\tools\compiler\ti-cgt-c2000_16.9.1.LTS\lib\</path>
         <kind>archive</kind>
         <file>rts2800_fpu32.lib</file>
         <name>fd_div28.obj</name>
      </input_file>
      <input_file id="fl-45">
         <path>C:\ti\ccsv7\tools\compiler\ti-cgt-c2000_16.9.1.LTS\lib\</path>
         <kind>archive</kind>
         <file>rts2800_fpu32.lib</file>
         <name>fd_mpy28.obj</name>
      </input_file>
      <input_file id="fl-46">
         <path>C:\ti\ccsv7\tools\compiler\ti-cgt-c2000_16.9.1.LTS\lib\</path>
         <kind>archive</kind>
         <file>rts2800_fpu32.lib</file>
         <name>fd_sub28.obj</name>
      </input_file>
      <input_file id="fl-47">
         <path>C:\ti\ccsv7\tools\compiler\ti-cgt-c2000_16.9.1.LTS\lib\</path>
         <kind>archive</kind>
         <file>rts2800_fpu32.lib</file>
         <name>fd_tofsfpu32.obj</name>
      </input_file>
      <input_file id="fl-48">
         <path>C:\ti\ccsv7\tools\compiler\ti-cgt-c2000_16.9.1.LTS\lib\</path>
         <kind>archive</kind>
         <file>rts2800_fpu32.lib</file>
         <name>fd_toul28.obj</name>
      </input_file>
      <input_file id="fl-49">
         <path>C:\ti\ccsv7\tools\compiler\ti-cgt-c2000_16.9.1.LTS\lib\</path>
         <kind>archive</kind>
         <file>rts2800_fpu32.lib</file>
         <name>fs_div28.obj</name>
      </input_file>
      <input_file id="fl-4a">
         <path>C:\ti\ccsv7\tools\compiler\ti-cgt-c2000_16.9.1.LTS\lib\</path>
         <kind>archive</kind>
         <file>rts2800_fpu32.lib</file>
         <name>fs_tofdfpu32.obj</name>
      </input_file>
      <input_file id="fl-4b">
         <path>C:\ti\ccsv7\tools\compiler\ti-cgt-c2000_16.9.1.LTS\lib\</path>
         <kind>archive</kind>
         <file>rts2800_fpu32.lib</file>
         <name>isascii.obj</name>
      </input_file>
      <input_file id="fl-4c">
         <path>C:\ti\ccsv7\tools\compiler\ti-cgt-c2000_16.9.1.LTS\lib\</path>
         <kind>archive</kind>
         <file>rts2800_fpu32.lib</file>
         <name>l_div28.obj</name>
      </input_file>
      <input_file id="fl-4d">
         <path>C:\ti\ccsv7\tools\compiler\ti-cgt-c2000_16.9.1.LTS\lib\</path>
         <kind>archive</kind>
         <file>rts2800_fpu32.lib</file>
         <name>ll_aox28.obj</name>
      </input_file>
      <input_file id="fl-4e">
         <path>C:\ti\ccsv7\tools\compiler\ti-cgt-c2000_16.9.1.LTS\lib\</path>
         <kind>archive</kind>
         <file>rts2800_fpu32.lib</file>
         <name>memcpy.obj</name>
      </input_file>
      <input_file id="fl-4f">
         <path>C:\ti\ccsv7\tools\compiler\ti-cgt-c2000_16.9.1.LTS\lib\</path>
         <kind>archive</kind>
         <file>rts2800_fpu32.lib</file>
         <name>memory.obj</name>
      </input_file>
      <input_file id="fl-50">
         <path>C:\ti\ccsv7\tools\compiler\ti-cgt-c2000_16.9.1.LTS\lib\</path>
         <kind>archive</kind>
         <file>rts2800_fpu32.lib</file>
         <name>memset.obj</name>
      </input_file>
      <input_file id="fl-51">
         <path>C:\ti\ccsv7\tools\compiler\ti-cgt-c2000_16.9.1.LTS\lib\</path>
         <kind>archive</kind>
         <file>rts2800_fpu32.lib</file>
         <name>pre_init.obj</name>
      </input_file>
      <input_file id="fl-52">
         <path>C:\ti\ccsv7\tools\compiler\ti-cgt-c2000_16.9.1.LTS\lib\</path>
         <kind>archive</kind>
         <file>rts2800_fpu32.lib</file>
         <name>startup.obj</name>
      </input_file>
      <input_file id="fl-53">
         <path>C:\ti\ccsv7\tools\compiler\ti-cgt-c2000_16.9.1.LTS\lib\</path>
         <kind>archive</kind>
         <file>rts2800_fpu32.lib</file>
         <name>strlen.obj</name>
      </input_file>
      <input_file id="fl-54">
         <path>C:\ti\ccsv7\tools\compiler\ti-cgt-c2000_16.9.1.LTS\lib\</path>
         <kind>archive</kind>
         <file>rts2800_fpu32.lib</file>
         <name>ul_tofd28.obj</name>
      </input_file>
      <input_file id="fl-55">
         <path>C:\ti\ccsv7\tools\compiler\ti-cgt-c2000_16.9.1.LTS\lib\</path>
         <kind>archive</kind>
         <file>rts2800_fpu32.lib</file>
         <name>ull_tofsfpu32.obj</name>
      </input_file>
      <input_file id="fl-56">
         <path>C:\ti\ccsv7\tools\compiler\ti-cgt-c2000_16.9.1.LTS\lib\</path>
         <kind>archive</kind>
         <file>rts2800_fpu32.lib</file>
         <name>_lock.obj</name>
      </input_file>
      <input_file id="fl-57">
         <path>C:\ti\ccsv7\tools\compiler\ti-cgt-c2000_16.9.1.LTS\lib\</path>
         <kind>archive</kind>
         <file>rts2800_fpu32.lib</file>
         <name>args_main.obj</name>
      </input_file>
      <input_file id="fl-58">
         <path>C:\ti\ccsv7\tools\compiler\ti-cgt-c2000_16.9.1.LTS\lib\</path>
         <kind>archive</kind>
         <file>rts2800_fpu32.lib</file>
         <name>fd_add28.obj</name>
      </input_file>
   </input_file_list>
   <object_component_list>
      <object_component id="oc-62">
         <name>bl_table</name>
         <load_address>0x3f0000</load_address>
         <run_address>0x3f0000</run_address>
         <size>0x2</size>
         <input_file_ref idref="fl-4"/>
      </object_component>
      <object_component id="oc-61">
         <name>app_table</name>
         <load_address>0x3d8000</load_address>
         <run_address>0x3d8000</run_address>
         <size>0x4</size>
         <input_file_ref idref="fl-4"/>
      </object_component>
      <object_component id="oc-112">
         <name>.cinit</name>
         <load_address>0x3e2a71</load_address>
         <run_address>0x3e2a71</run_address>
         <size>0xc5</size>
         <input_file_ref idref="fl-19"/>
      </object_component>
      <object_component id="oc-1bc">
         <name>.cinit</name>
         <load_address>0x3e2b36</load_address>
         <run_address>0x3e2b36</run_address>
         <size>0x46</size>
         <input_file_ref idref="fl-3b"/>
      </object_component>
      <object_component id="oc-1a9">
         <name>.cinit</name>
         <load_address>0x3e2b7c</load_address>
         <run_address>0x3e2b7c</run_address>
         <size>0x28</size>
         <input_file_ref idref="fl-38"/>
      </object_component>
      <object_component id="oc-14c">
         <name>.cinit</name>
         <load_address>0x3e2ba4</load_address>
         <run_address>0x3e2ba4</run_address>
         <size>0x1f</size>
         <input_file_ref idref="fl-22"/>
      </object_component>
      <object_component id="oc-119">
         <name>.cinit</name>
         <load_address>0x3e2bc3</load_address>
         <run_address>0x3e2bc3</run_address>
         <size>0x14</size>
         <input_file_ref idref="fl-1a"/>
      </object_component>
      <object_component id="oc-17b">
         <name>.cinit</name>
         <load_address>0x3e2bd7</load_address>
         <run_address>0x3e2bd7</run_address>
         <size>0x14</size>
         <input_file_ref idref="fl-29"/>
      </object_component>
      <object_component id="oc-182">
         <name>.cinit</name>
         <load_address>0x3e2beb</load_address>
         <run_address>0x3e2beb</run_address>
         <size>0x13</size>
         <input_file_ref idref="fl-2a"/>
      </object_component>
      <object_component id="oc-16d">
         <name>.cinit</name>
         <load_address>0x3e2bfe</load_address>
         <run_address>0x3e2bfe</run_address>
         <size>0x11</size>
         <input_file_ref idref="fl-27"/>
      </object_component>
      <object_component id="oc-174">
         <name>.cinit</name>
         <load_address>0x3e2c0f</load_address>
         <run_address>0x3e2c0f</run_address>
         <size>0x11</size>
         <input_file_ref idref="fl-28"/>
      </object_component>
      <object_component id="oc-108">
         <name>.cinit</name>
         <load_address>0x3e2c20</load_address>
         <run_address>0x3e2c20</run_address>
         <size>0xe</size>
         <input_file_ref idref="fl-17"/>
      </object_component>
      <object_component id="oc-1e9">
         <name>.cinit</name>
         <load_address>0x3e2c2e</load_address>
         <run_address>0x3e2c2e</run_address>
         <size>0xe</size>
         <input_file_ref idref="fl-43"/>
      </object_component>
      <object_component id="oc-1a2">
         <name>.cinit</name>
         <load_address>0x3e2c3c</load_address>
         <run_address>0x3e2c3c</run_address>
         <size>0xe</size>
         <input_file_ref idref="fl-37"/>
      </object_component>
      <object_component id="oc-196">
         <name>.cinit</name>
         <load_address>0x3e2c4a</load_address>
         <run_address>0x3e2c4a</run_address>
         <size>0xd</size>
         <input_file_ref idref="fl-35"/>
      </object_component>
      <object_component id="oc-12c">
         <name>.cinit</name>
         <load_address>0x3e2c57</load_address>
         <run_address>0x3e2c57</run_address>
         <size>0xc</size>
         <input_file_ref idref="fl-1d"/>
      </object_component>
      <object_component id="oc-fb">
         <name>.cinit</name>
         <load_address>0x3e2c63</load_address>
         <run_address>0x3e2c63</run_address>
         <size>0xa</size>
         <input_file_ref idref="fl-15"/>
      </object_component>
      <object_component id="oc-db">
         <name>.cinit</name>
         <load_address>0x3e2c6d</load_address>
         <run_address>0x3e2c6d</run_address>
         <size>0x9</size>
         <input_file_ref idref="fl-10"/>
      </object_component>
      <object_component id="oc-bf">
         <name>.cinit</name>
         <load_address>0x3e2c76</load_address>
         <run_address>0x3e2c76</run_address>
         <size>0x9</size>
         <input_file_ref idref="fl-c"/>
      </object_component>
      <object_component id="oc-26d">
         <name>.cinit:__lock</name>
         <load_address>0x3e2c7f</load_address>
         <run_address>0x3e2c7f</run_address>
         <size>0x5</size>
         <input_file_ref idref="fl-56"/>
      </object_component>
      <object_component id="oc-28d">
         <name>.cinit:__unlock</name>
         <load_address>0x3e2c84</load_address>
         <run_address>0x3e2c84</run_address>
         <size>0x5</size>
         <input_file_ref idref="fl-56"/>
      </object_component>
      <object_component id="oc-1b0">
         <name>.cinit</name>
         <load_address>0x3e2c89</load_address>
         <run_address>0x3e2c89</run_address>
         <size>0x5</size>
         <input_file_ref idref="fl-39"/>
      </object_component>
      <object_component id="oc-f4">
         <name>.cinit</name>
         <load_address>0x3e2c8e</load_address>
         <run_address>0x3e2c8e</run_address>
         <size>0x4</size>
         <input_file_ref idref="fl-14"/>
      </object_component>
      <object_component id="oc-133">
         <name>.cinit</name>
         <load_address>0x3e2c92</load_address>
         <run_address>0x3e2c92</run_address>
         <size>0x4</size>
         <input_file_ref idref="fl-1e"/>
      </object_component>
      <object_component id="oc-160">
         <name>.cinit</name>
         <load_address>0x3e2c96</load_address>
         <run_address>0x3e2c96</run_address>
         <size>0x4</size>
         <input_file_ref idref="fl-25"/>
      </object_component>
      <object_component id="oc-227">
         <name>.cinit</name>
         <load_address>0x3e2c9a</load_address>
         <run_address>0x3e2c9a</run_address>
         <size>0x4</size>
         <input_file_ref idref="fl-4f"/>
      </object_component>
      <object_component id="oc-261">
         <name>.text</name>
         <load_address>0x3d8004</load_address>
         <run_address>0x3d8004</run_address>
         <size>0x15cf</size>
         <input_file_ref idref="fl-3b"/>
      </object_component>
      <object_component id="oc-288">
         <name>.text</name>
         <load_address>0x3d95d3</load_address>
         <run_address>0x3d95d3</run_address>
         <size>0xfa7</size>
         <input_file_ref idref="fl-19"/>
      </object_component>
      <object_component id="oc-26e">
         <name>.text</name>
         <load_address>0x3da57a</load_address>
         <run_address>0x3da57a</run_address>
         <size>0xe95</size>
         <input_file_ref idref="fl-d"/>
      </object_component>
      <object_component id="oc-26f">
         <name>.text</name>
         <load_address>0x3db40f</load_address>
         <run_address>0x3db40f</run_address>
         <size>0x83e</size>
         <input_file_ref idref="fl-39"/>
      </object_component>
      <object_component id="oc-2a1">
         <name>.text</name>
         <load_address>0x3dbc4d</load_address>
         <run_address>0x3dbc4d</run_address>
         <size>0x703</size>
         <input_file_ref idref="fl-26"/>
      </object_component>
      <object_component id="oc-27f">
         <name>.text</name>
         <load_address>0x3dc350</load_address>
         <run_address>0x3dc350</run_address>
         <size>0x689</size>
         <input_file_ref idref="fl-20"/>
      </object_component>
      <object_component id="oc-297">
         <name>.text</name>
         <load_address>0x3dc9d9</load_address>
         <run_address>0x3dc9d9</run_address>
         <size>0x653</size>
         <input_file_ref idref="fl-12"/>
      </object_component>
      <object_component id="oc-29b">
         <name>.text</name>
         <load_address>0x3dd02c</load_address>
         <run_address>0x3dd02c</run_address>
         <size>0x629</size>
         <input_file_ref idref="fl-25"/>
      </object_component>
      <object_component id="oc-28a">
         <name>.text</name>
         <load_address>0x3dd655</load_address>
         <run_address>0x3dd655</run_address>
         <size>0x609</size>
         <input_file_ref idref="fl-14"/>
      </object_component>
      <object_component id="oc-296">
         <name>.text</name>
         <load_address>0x3ddc5e</load_address>
         <run_address>0x3ddc5e</run_address>
         <size>0x4b3</size>
         <input_file_ref idref="fl-10"/>
      </object_component>
      <object_component id="oc-281">
         <name>.text</name>
         <load_address>0x3de111</load_address>
         <run_address>0x3de111</run_address>
         <size>0x472</size>
         <input_file_ref idref="fl-13"/>
      </object_component>
      <object_component id="oc-271">
         <name>.text</name>
         <load_address>0x3de583</load_address>
         <run_address>0x3de583</run_address>
         <size>0x3fe</size>
         <input_file_ref idref="fl-40"/>
      </object_component>
      <object_component id="oc-29a">
         <name>.text</name>
         <load_address>0x3de981</load_address>
         <run_address>0x3de981</run_address>
         <size>0x3c1</size>
         <input_file_ref idref="fl-29"/>
      </object_component>
      <object_component id="oc-6f">
         <name>.text:retain</name>
         <load_address>0x3ded42</load_address>
         <run_address>0x3ded42</run_address>
         <size>0x39b</size>
         <input_file_ref idref="fl-7"/>
      </object_component>
      <object_component id="oc-277">
         <name>.text</name>
         <load_address>0x3df0dd</load_address>
         <run_address>0x3df0dd</run_address>
         <size>0x320</size>
         <input_file_ref idref="fl-38"/>
      </object_component>
      <object_component id="oc-280">
         <name>.text</name>
         <load_address>0x3df3fd</load_address>
         <run_address>0x3df3fd</run_address>
         <size>0x2ae</size>
         <input_file_ref idref="fl-c"/>
      </object_component>
      <object_component id="oc-2a0">
         <name>.text</name>
         <load_address>0x3df6ab</load_address>
         <run_address>0x3df6ab</run_address>
         <size>0x28f</size>
         <input_file_ref idref="fl-33"/>
      </object_component>
      <object_component id="oc-289">
         <name>.text</name>
         <load_address>0x3df93a</load_address>
         <run_address>0x3df93a</run_address>
         <size>0x25e</size>
         <input_file_ref idref="fl-1e"/>
      </object_component>
      <object_component id="oc-264">
         <name>.text</name>
         <load_address>0x3dfb98</load_address>
         <run_address>0x3dfb98</run_address>
         <size>0x257</size>
         <input_file_ref idref="fl-34"/>
      </object_component>
      <object_component id="oc-262">
         <name>.text</name>
         <load_address>0x3dfdef</load_address>
         <run_address>0x3dfdef</run_address>
         <size>0x255</size>
         <input_file_ref idref="fl-35"/>
      </object_component>
      <object_component id="oc-2b7">
         <name>.text</name>
         <load_address>0x3e0044</load_address>
         <run_address>0x3e0044</run_address>
         <size>0x23a</size>
         <input_file_ref idref="fl-5"/>
      </object_component>
      <object_component id="oc-298">
         <name>.text</name>
         <load_address>0x3e027e</load_address>
         <run_address>0x3e027e</run_address>
         <size>0x237</size>
         <input_file_ref idref="fl-28"/>
      </object_component>
      <object_component id="oc-299">
         <name>.text</name>
         <load_address>0x3e04b5</load_address>
         <run_address>0x3e04b5</run_address>
         <size>0x231</size>
         <input_file_ref idref="fl-27"/>
      </object_component>
      <object_component id="oc-290">
         <name>.text</name>
         <load_address>0x3e06e6</load_address>
         <run_address>0x3e06e6</run_address>
         <size>0x1fd</size>
         <input_file_ref idref="fl-3f"/>
      </object_component>
      <object_component id="oc-293">
         <name>.text</name>
         <load_address>0x3e08e3</load_address>
         <run_address>0x3e08e3</run_address>
         <size>0x1d2</size>
         <input_file_ref idref="fl-4f"/>
      </object_component>
      <object_component id="oc-270">
         <name>.text</name>
         <load_address>0x3e0ab5</load_address>
         <run_address>0x3e0ab5</run_address>
         <size>0x19d</size>
         <input_file_ref idref="fl-32"/>
      </object_component>
      <object_component id="oc-2a9">
         <name>.text</name>
         <load_address>0x3e0c52</load_address>
         <run_address>0x3e0c52</run_address>
         <size>0x19a</size>
         <input_file_ref idref="fl-1a"/>
      </object_component>
      <object_component id="oc-26b">
         <name>.text</name>
         <load_address>0x3e0dec</load_address>
         <run_address>0x3e0dec</run_address>
         <size>0x184</size>
         <input_file_ref idref="fl-22"/>
      </object_component>
      <object_component id="oc-2b6">
         <name>.text</name>
         <load_address>0x3e0f70</load_address>
         <run_address>0x3e0f70</run_address>
         <size>0x175</size>
         <input_file_ref idref="fl-23"/>
      </object_component>
      <object_component id="oc-28f">
         <name>.text</name>
         <load_address>0x3e10e5</load_address>
         <run_address>0x3e10e5</run_address>
         <size>0x150</size>
         <input_file_ref idref="fl-3e"/>
      </object_component>
      <object_component id="oc-276">
         <name>.text</name>
         <load_address>0x3e1235</load_address>
         <run_address>0x3e1235</run_address>
         <size>0x146</size>
         <input_file_ref idref="fl-36"/>
      </object_component>
      <object_component id="oc-284">
         <name>.text</name>
         <load_address>0x3e137b</load_address>
         <run_address>0x3e137b</run_address>
         <size>0x13d</size>
         <input_file_ref idref="fl-15"/>
      </object_component>
      <object_component id="oc-29c">
         <name>.text</name>
         <load_address>0x3e14b8</load_address>
         <run_address>0x3e14b8</run_address>
         <size>0x13a</size>
         <input_file_ref idref="fl-11"/>
      </object_component>
      <object_component id="oc-263">
         <name>.text</name>
         <load_address>0x3e15f2</load_address>
         <run_address>0x3e15f2</run_address>
         <size>0xf6</size>
         <input_file_ref idref="fl-17"/>
      </object_component>
      <object_component id="oc-28b">
         <name>.text</name>
         <load_address>0x3e16e8</load_address>
         <run_address>0x3e16e8</run_address>
         <size>0xd8</size>
         <input_file_ref idref="fl-1d"/>
      </object_component>
      <object_component id="oc-272">
         <name>.text</name>
         <load_address>0x3e17c0</load_address>
         <run_address>0x3e17c0</run_address>
         <size>0xd2</size>
         <input_file_ref idref="fl-3d"/>
      </object_component>
      <object_component id="oc-275">
         <name>.text</name>
         <load_address>0x3e1892</load_address>
         <run_address>0x3e1892</run_address>
         <size>0xcb</size>
         <input_file_ref idref="fl-3c"/>
      </object_component>
      <object_component id="oc-2a6">
         <name>.text</name>
         <load_address>0x3e195d</load_address>
         <run_address>0x3e195d</run_address>
         <size>0xb8</size>
         <input_file_ref idref="fl-f"/>
      </object_component>
      <object_component id="oc-274">
         <name>.text</name>
         <load_address>0x3e1a15</load_address>
         <run_address>0x3e1a15</run_address>
         <size>0xac</size>
         <input_file_ref idref="fl-b"/>
      </object_component>
      <object_component id="oc-fd">
         <name>.text:retain</name>
         <load_address>0x3e1ac1</load_address>
         <run_address>0x3e1ac1</run_address>
         <size>0xa5</size>
         <input_file_ref idref="fl-15"/>
      </object_component>
      <object_component id="oc-256">
         <name>.text</name>
         <load_address>0x3e1b66</load_address>
         <run_address>0x3e1b66</run_address>
         <size>0x9c</size>
         <input_file_ref idref="fl-58"/>
      </object_component>
      <object_component id="oc-10a">
         <name>.text:retain</name>
         <load_address>0x3e1c02</load_address>
         <run_address>0x3e1c02</run_address>
         <size>0x95</size>
         <input_file_ref idref="fl-17"/>
      </object_component>
      <object_component id="oc-ce">
         <name>.text:retain</name>
         <load_address>0x3e1c97</load_address>
         <run_address>0x3e1c97</run_address>
         <size>0x93</size>
         <input_file_ref idref="fl-e"/>
      </object_component>
      <object_component id="oc-1ef">
         <name>.text</name>
         <load_address>0x3e1d2a</load_address>
         <run_address>0x3e1d2a</run_address>
         <size>0x8b</size>
         <input_file_ref idref="fl-44"/>
      </object_component>
      <object_component id="oc-208">
         <name>.text</name>
         <load_address>0x3e1db5</load_address>
         <run_address>0x3e1db5</run_address>
         <size>0x88</size>
         <input_file_ref idref="fl-49"/>
      </object_component>
      <object_component id="oc-1f4">
         <name>.text</name>
         <load_address>0x3e1e3d</load_address>
         <run_address>0x3e1e3d</run_address>
         <size>0x83</size>
         <input_file_ref idref="fl-45"/>
      </object_component>
      <object_component id="oc-273">
         <name>.text</name>
         <load_address>0x3e1ec0</load_address>
         <run_address>0x3e1ec0</run_address>
         <size>0x82</size>
         <input_file_ref idref="fl-37"/>
      </object_component>
      <object_component id="oc-2a2">
         <name>.text</name>
         <load_address>0x3e1f42</load_address>
         <run_address>0x3e1f42</run_address>
         <size>0x7d</size>
         <input_file_ref idref="fl-6"/>
      </object_component>
      <object_component id="oc-2b5">
         <name>.text</name>
         <load_address>0x3e1fbf</load_address>
         <run_address>0x3e1fbf</run_address>
         <size>0x62</size>
         <input_file_ref idref="fl-24"/>
      </object_component>
      <object_component id="oc-55">
         <name>.text</name>
         <load_address>0x3e2021</load_address>
         <run_address>0x3e2021</run_address>
         <size>0x56</size>
         <input_file_ref idref="fl-41"/>
      </object_component>
      <object_component id="oc-2a4">
         <name>.text</name>
         <load_address>0x3e2077</load_address>
         <run_address>0x3e2077</run_address>
         <size>0x49</size>
         <input_file_ref idref="fl-1c"/>
      </object_component>
      <object_component id="oc-13a">
         <name>.text:retain</name>
         <load_address>0x3e20c0</load_address>
         <run_address>0x3e20c0</run_address>
         <size>0x2e</size>
         <input_file_ref idref="fl-1f"/>
      </object_component>
      <object_component id="oc-285">
         <name>.text</name>
         <load_address>0x3e20ee</load_address>
         <run_address>0x3e20ee</run_address>
         <size>0x2b</size>
         <input_file_ref idref="fl-1f"/>
      </object_component>
      <object_component id="oc-217">
         <name>.text</name>
         <load_address>0x3e2119</load_address>
         <run_address>0x3e2119</run_address>
         <size>0x2a</size>
         <input_file_ref idref="fl-4c"/>
      </object_component>
      <object_component id="oc-25f">
         <name>.text</name>
         <load_address>0x3e2143</load_address>
         <run_address>0x3e2143</run_address>
         <size>0x29</size>
         <input_file_ref idref="fl-43"/>
      </object_component>
      <object_component id="oc-282">
         <name>.text</name>
         <load_address>0x3e216c</load_address>
         <run_address>0x3e216c</run_address>
         <size>0x28</size>
         <input_file_ref idref="fl-9"/>
      </object_component>
      <object_component id="oc-283">
         <name>.text</name>
         <load_address>0x3e2194</load_address>
         <run_address>0x3e2194</run_address>
         <size>0x26</size>
         <input_file_ref idref="fl-a"/>
      </object_component>
      <object_component id="oc-25c">
         <name>.text</name>
         <load_address>0x3e21ba</load_address>
         <run_address>0x3e21ba</run_address>
         <size>0x24</size>
         <input_file_ref idref="fl-42"/>
      </object_component>
      <object_component id="oc-1fe">
         <name>.text</name>
         <load_address>0x3e21de</load_address>
         <run_address>0x3e21de</run_address>
         <size>0x23</size>
         <input_file_ref idref="fl-47"/>
      </object_component>
      <object_component id="oc-26a">
         <name>.text</name>
         <load_address>0x3e2201</load_address>
         <run_address>0x3e2201</run_address>
         <size>0x1e</size>
         <input_file_ref idref="fl-4e"/>
      </object_component>
      <object_component id="oc-20d">
         <name>.text</name>
         <load_address>0x3e221f</load_address>
         <run_address>0x3e221f</run_address>
         <size>0x1c</size>
         <input_file_ref idref="fl-4a"/>
      </object_component>
      <object_component id="oc-203">
         <name>.text</name>
         <load_address>0x3e223b</load_address>
         <run_address>0x3e223b</run_address>
         <size>0x1b</size>
         <input_file_ref idref="fl-48"/>
      </object_component>
      <object_component id="oc-2a5">
         <name>.text</name>
         <load_address>0x3e2256</load_address>
         <run_address>0x3e2256</run_address>
         <size>0x1a</size>
         <input_file_ref idref="fl-16"/>
      </object_component>
      <object_component id="oc-25e">
         <name>.text</name>
         <load_address>0x3e2270</load_address>
         <run_address>0x3e2270</run_address>
         <size>0x19</size>
         <input_file_ref idref="fl-57"/>
      </object_component>
      <object_component id="oc-21c">
         <name>.text</name>
         <load_address>0x3e2289</load_address>
         <run_address>0x3e2289</run_address>
         <size>0x18</size>
         <input_file_ref idref="fl-4d"/>
      </object_component>
      <object_component id="oc-242">
         <name>.text</name>
         <load_address>0x3e22a1</load_address>
         <run_address>0x3e22a1</run_address>
         <size>0x16</size>
         <input_file_ref idref="fl-54"/>
      </object_component>
      <object_component id="oc-56">
         <name>.text</name>
         <load_address>0x3e22b7</load_address>
         <run_address>0x3e22b7</run_address>
         <size>0x13</size>
         <input_file_ref idref="fl-2"/>
      </object_component>
      <object_component id="oc-260">
         <name>.text</name>
         <load_address>0x3e22ca</load_address>
         <run_address>0x3e22ca</run_address>
         <size>0x12</size>
         <input_file_ref idref="fl-3a"/>
      </object_component>
      <object_component id="oc-146">
         <name>.text:retain</name>
         <load_address>0x3e22dc</load_address>
         <run_address>0x3e22dc</run_address>
         <size>0x11</size>
         <input_file_ref idref="fl-21"/>
      </object_component>
      <object_component id="oc-247">
         <name>.text</name>
         <load_address>0x3e22ed</load_address>
         <run_address>0x3e22ed</run_address>
         <size>0x11</size>
         <input_file_ref idref="fl-55"/>
      </object_component>
      <object_component id="oc-1f9">
         <name>.text</name>
         <load_address>0x3e22fe</load_address>
         <run_address>0x3e22fe</run_address>
         <size>0xe</size>
         <input_file_ref idref="fl-46"/>
      </object_component>
      <object_component id="oc-186">
         <name>.text:retain</name>
         <load_address>0x3e230c</load_address>
         <run_address>0x3e230c</run_address>
         <size>0xd</size>
         <input_file_ref idref="fl-32"/>
      </object_component>
      <object_component id="oc-2aa">
         <name>.text</name>
         <load_address>0x3e2319</load_address>
         <run_address>0x3e2319</run_address>
         <size>0xc</size>
         <input_file_ref idref="fl-50"/>
      </object_component>
      <object_component id="oc-2a3">
         <name>.text</name>
         <load_address>0x3e2325</load_address>
         <run_address>0x3e2325</run_address>
         <size>0xb</size>
         <input_file_ref idref="fl-1b"/>
      </object_component>
      <object_component id="oc-ee">
         <name>.text:retain</name>
         <load_address>0x3e2330</load_address>
         <run_address>0x3e2330</run_address>
         <size>0xa</size>
         <input_file_ref idref="fl-13"/>
      </object_component>
      <object_component id="oc-286">
         <name>.text</name>
         <load_address>0x3e233a</load_address>
         <run_address>0x3e233a</run_address>
         <size>0x9</size>
         <input_file_ref idref="fl-21"/>
      </object_component>
      <object_component id="oc-28c">
         <name>.text</name>
         <load_address>0x3e2343</load_address>
         <run_address>0x3e2343</run_address>
         <size>0x9</size>
         <input_file_ref idref="fl-56"/>
      </object_component>
      <object_component id="oc-295">
         <name>.text</name>
         <load_address>0x3e234c</load_address>
         <run_address>0x3e234c</run_address>
         <size>0x8</size>
         <input_file_ref idref="fl-4b"/>
      </object_component>
      <object_component id="oc-294">
         <name>.text</name>
         <load_address>0x3e2354</load_address>
         <run_address>0x3e2354</run_address>
         <size>0x8</size>
         <input_file_ref idref="fl-53"/>
      </object_component>
      <object_component id="oc-25b">
         <name>.text</name>
         <load_address>0x3e235c</load_address>
         <run_address>0x3e235c</run_address>
         <size>0x2</size>
         <input_file_ref idref="fl-51"/>
      </object_component>
      <object_component id="oc-25d">
         <name>.text</name>
         <load_address>0x3e235e</load_address>
         <run_address>0x3e235e</run_address>
         <size>0x1</size>
         <input_file_ref idref="fl-52"/>
      </object_component>
      <object_component id="oc-57">
         <name>codestart</name>
         <load_address>0x3e2cbc</load_address>
         <run_address>0x3e2cbc</run_address>
         <size>0x2</size>
         <input_file_ref idref="fl-2"/>
      </object_component>
      <object_component id="oc-287">
         <name>ramfuncs</name>
         <load_address>0x3e2a52</load_address>
         <run_address>0x8000</run_address>
         <size>0x1b</size>
         <input_file_ref idref="fl-13"/>
      </object_component>
      <object_component id="oc-5c">
         <name>ramfuncs</name>
         <load_address>0x3e2a6d</load_address>
         <run_address>0x801b</run_address>
         <size>0x4</size>
         <input_file_ref idref="fl-3"/>
      </object_component>
      <object_component id="oc-1dd">
         <name>.stack</name>
         <uninitialized>true</uninitialized>
         <run_address>0x400</run_address>
         <size>0x0</size>
         <input_file_ref idref="fl-41"/>
      </object_component>
      <object_component id="oc-314">
         <name>.stack</name>
         <uninitialized>true</uninitialized>
         <run_address>0x400</run_address>
         <size>0x0</size>
      </object_component>
      <object_component id="oc-1bd">
         <name>.ebss</name>
         <uninitialized>true</uninitialized>
         <run_address>0x8c00</run_address>
         <size>0x38e</size>
         <input_file_ref idref="fl-3b"/>
      </object_component>
      <object_component id="oc-11a">
         <name>.ebss</name>
         <uninitialized>true</uninitialized>
         <run_address>0x8f8e</run_address>
         <size>0x2a</size>
         <input_file_ref idref="fl-1a"/>
      </object_component>
      <object_component id="oc-229">
         <name>.ebss</name>
         <uninitialized>true</uninitialized>
         <run_address>0x8fb8</run_address>
         <size>0x8</size>
         <input_file_ref idref="fl-4f"/>
      </object_component>
      <object_component id="oc-1d8">
         <name>.ebss</name>
         <uninitialized>true</uninitialized>
         <run_address>0x8fc0</run_address>
         <size>0x3e</size>
         <input_file_ref idref="fl-40"/>
      </object_component>
      <object_component id="oc-26c">
         <name>.ebss:__lock</name>
         <uninitialized>true</uninitialized>
         <run_address>0x8ffe</run_address>
         <size>0x2</size>
         <input_file_ref idref="fl-56"/>
      </object_component>
      <object_component id="oc-183">
         <name>.ebss</name>
         <uninitialized>true</uninitialized>
         <run_address>0xb000</run_address>
         <size>0x280</size>
         <input_file_ref idref="fl-2a"/>
      </object_component>
      <object_component id="oc-113">
         <name>.ebss</name>
         <uninitialized>true</uninitialized>
         <run_address>0xb280</run_address>
         <size>0x25a</size>
         <input_file_ref idref="fl-19"/>
      </object_component>
      <object_component id="oc-1aa">
         <name>.ebss</name>
         <uninitialized>true</uninitialized>
         <run_address>0xb4da</run_address>
         <size>0x1f</size>
         <input_file_ref idref="fl-38"/>
      </object_component>
      <object_component id="oc-fc">
         <name>.ebss</name>
         <uninitialized>true</uninitialized>
         <run_address>0xb4f9</run_address>
         <size>0x7</size>
         <input_file_ref idref="fl-15"/>
      </object_component>
      <object_component id="oc-134">
         <name>.ebss</name>
         <uninitialized>true</uninitialized>
         <run_address>0xb500</run_address>
         <size>0x240</size>
         <input_file_ref idref="fl-1e"/>
      </object_component>
      <object_component id="oc-f5">
         <name>.ebss</name>
         <uninitialized>true</uninitialized>
         <run_address>0xb740</run_address>
         <size>0x1b8</size>
         <input_file_ref idref="fl-14"/>
      </object_component>
      <object_component id="oc-1ea">
         <name>.ebss</name>
         <uninitialized>true</uninitialized>
         <run_address>0xb8f8</run_address>
         <size>0x6</size>
         <input_file_ref idref="fl-43"/>
      </object_component>
      <object_component id="oc-2ab">
         <name>.ebss:__unlock</name>
         <uninitialized>true</uninitialized>
         <run_address>0xb8fe</run_address>
         <size>0x2</size>
         <input_file_ref idref="fl-56"/>
      </object_component>
      <object_component id="oc-14d">
         <name>.ebss</name>
         <uninitialized>true</uninitialized>
         <run_address>0xb900</run_address>
         <size>0x142</size>
         <input_file_ref idref="fl-22"/>
      </object_component>
      <object_component id="oc-1a3">
         <name>.ebss</name>
         <uninitialized>true</uninitialized>
         <run_address>0xba42</run_address>
         <size>0x1e</size>
         <input_file_ref idref="fl-37"/>
      </object_component>
      <object_component id="oc-69">
         <name>.ebss</name>
         <uninitialized>true</uninitialized>
         <run_address>0xba60</run_address>
         <size>0x18</size>
         <input_file_ref idref="fl-6"/>
      </object_component>
      <object_component id="oc-dc">
         <name>.ebss</name>
         <uninitialized>true</uninitialized>
         <run_address>0xba78</run_address>
         <size>0x4</size>
         <input_file_ref idref="fl-10"/>
      </object_component>
      <object_component id="oc-161">
         <name>.ebss</name>
         <uninitialized>true</uninitialized>
         <run_address>0xba7c</run_address>
         <size>0x4</size>
         <input_file_ref idref="fl-25"/>
      </object_component>
      <object_component id="oc-167">
         <name>.ebss</name>
         <uninitialized>true</uninitialized>
         <run_address>0xba80</run_address>
         <size>0x120</size>
         <input_file_ref idref="fl-26"/>
      </object_component>
      <object_component id="oc-109">
         <name>.ebss</name>
         <uninitialized>true</uninitialized>
         <run_address>0xbba0</run_address>
         <size>0x14</size>
         <input_file_ref idref="fl-17"/>
      </object_component>
      <object_component id="oc-197">
         <name>.ebss</name>
         <uninitialized>true</uninitialized>
         <run_address>0xbbb4</run_address>
         <size>0xa</size>
         <input_file_ref idref="fl-35"/>
      </object_component>
      <object_component id="oc-154">
         <name>.ebss</name>
         <uninitialized>true</uninitialized>
         <run_address>0xbbbe</run_address>
         <size>0x2</size>
         <input_file_ref idref="fl-23"/>
      </object_component>
      <object_component id="oc-1c8">
         <name>.ebss</name>
         <uninitialized>true</uninitialized>
         <run_address>0xbbc0</run_address>
         <size>0x8c</size>
         <input_file_ref idref="fl-3d"/>
      </object_component>
      <object_component id="oc-17c">
         <name>.ebss</name>
         <uninitialized>true</uninitialized>
         <run_address>0xbc4c</run_address>
         <size>0x11</size>
         <input_file_ref idref="fl-29"/>
      </object_component>
      <object_component id="oc-16e">
         <name>.ebss</name>
         <uninitialized>true</uninitialized>
         <run_address>0xbc5d</run_address>
         <size>0xe</size>
         <input_file_ref idref="fl-27"/>
      </object_component>
      <object_component id="oc-175">
         <name>.ebss</name>
         <uninitialized>true</uninitialized>
         <run_address>0xbc6b</run_address>
         <size>0xe</size>
         <input_file_ref idref="fl-28"/>
      </object_component>
      <object_component id="oc-c0">
         <name>.ebss</name>
         <uninitialized>true</uninitialized>
         <run_address>0xbc7a</run_address>
         <size>0x4</size>
         <input_file_ref idref="fl-c"/>
      </object_component>
      <object_component id="oc-1b1">
         <name>.ebss</name>
         <uninitialized>true</uninitialized>
         <run_address>0xbc80</run_address>
         <size>0x80</size>
         <input_file_ref idref="fl-39"/>
      </object_component>
      <object_component id="oc-12d">
         <name>.ebss</name>
         <uninitialized>true</uninitialized>
         <run_address>0xbd00</run_address>
         <size>0x3</size>
         <input_file_ref idref="fl-1d"/>
      </object_component>
      <object_component id="oc-228">
         <name>.esysmem</name>
         <uninitialized>true</uninitialized>
         <run_address>0xa000</run_address>
         <size>0x1</size>
         <input_file_ref idref="fl-4f"/>
      </object_component>
      <object_component id="oc-315">
         <name>.esysmem</name>
         <uninitialized>true</uninitialized>
         <run_address>0xa000</run_address>
         <size>0x0</size>
      </object_component>
      <object_component id="oc-2b3">
         <name>.econst:_MMAP_ELEMENTS_NP</name>
         <load_address>0x3e2360</load_address>
         <run_address>0x3e2360</run_address>
         <size>0x132</size>
         <input_file_ref idref="fl-24"/>
      </object_component>
      <object_component id="oc-2a7">
         <name>.econst:_PieVectTableInit</name>
         <load_address>0x3e2492</load_address>
         <run_address>0x3e2492</run_address>
         <size>0x100</size>
         <input_file_ref idref="fl-a"/>
      </object_component>
      <object_component id="oc-2b4">
         <name>.econst:_MMAP_ELEMENTS_REF</name>
         <load_address>0x3e2592</load_address>
         <run_address>0x3e2592</run_address>
         <size>0x99</size>
         <input_file_ref idref="fl-24"/>
      </object_component>
      <object_component id="oc-2b0">
         <name>.econst:_MMAP_RFLM</name>
         <load_address>0x3e262b</load_address>
         <run_address>0x3e262b</run_address>
         <size>0x96</size>
         <input_file_ref idref="fl-24"/>
      </object_component>
      <object_component id="oc-c2">
         <name>.econst:.string</name>
         <load_address>0x3e26c2</load_address>
         <run_address>0x3e26c2</run_address>
         <size>0x68</size>
         <input_file_ref idref="fl-c"/>
      </object_component>
      <object_component id="oc-2b2">
         <name>.econst:_MMAP_USRSETTING</name>
         <load_address>0x3e272a</load_address>
         <run_address>0x3e272a</run_address>
         <size>0x5d</size>
         <input_file_ref idref="fl-24"/>
      </object_component>
      <object_component id="oc-2ae">
         <name>.econst:_MMAP_XYZ</name>
         <load_address>0x3e2787</load_address>
         <run_address>0x3e2787</run_address>
         <size>0x51</size>
         <input_file_ref idref="fl-24"/>
      </object_component>
      <object_component id="oc-2b1">
         <name>.econst:_MMAP_TMLM</name>
         <load_address>0x3e27d8</load_address>
         <run_address>0x3e27d8</run_address>
         <size>0x2a</size>
         <input_file_ref idref="fl-24"/>
      </object_component>
      <object_component id="oc-27d">
         <name>.econst:_g_pui8ConfigString</name>
         <load_address>0x3e2802</load_address>
         <run_address>0x3e2802</run_address>
         <size>0x2a</size>
         <input_file_ref idref="fl-2a"/>
      </object_component>
      <object_component id="oc-2af">
         <name>.econst:_MMAP_LIGHTCTRL</name>
         <load_address>0x3e282c</load_address>
         <run_address>0x3e282c</run_address>
         <size>0x27</size>
         <input_file_ref idref="fl-24"/>
      </object_component>
      <object_component id="oc-2ad">
         <name>.econst:_MMAP_MCB</name>
         <load_address>0x3e2853</load_address>
         <run_address>0x3e2853</run_address>
         <size>0x27</size>
         <input_file_ref idref="fl-24"/>
      </object_component>
      <object_component id="oc-14e">
         <name>.econst:.string</name>
         <load_address>0x3e287a</load_address>
         <run_address>0x3e287a</run_address>
         <size>0x26</size>
         <input_file_ref idref="fl-22"/>
      </object_component>
      <object_component id="oc-27c">
         <name>.econst:_g_pui8DataInterfaceString</name>
         <load_address>0x3e28a0</load_address>
         <run_address>0x3e28a0</run_address>
         <size>0x22</size>
         <input_file_ref idref="fl-2a"/>
      </object_component>
      <object_component id="oc-27a">
         <name>.econst:_g_pui8ProductString</name>
         <load_address>0x3e28c2</load_address>
         <run_address>0x3e28c2</run_address>
         <size>0x22</size>
         <input_file_ref idref="fl-2a"/>
      </object_component>
      <object_component id="oc-121">
         <name>.econst:.string</name>
         <load_address>0x3e28e4</load_address>
         <run_address>0x3e28e4</run_address>
         <size>0x1d</size>
         <input_file_ref idref="fl-1b"/>
      </object_component>
      <object_component id="oc-28e">
         <name>.econst:_g_psUSBDStdRequests</name>
         <load_address>0x3e2902</load_address>
         <run_address>0x3e2902</run_address>
         <size>0x1a</size>
         <input_file_ref idref="fl-39"/>
      </object_component>
      <object_component id="oc-e8">
         <name>.econst:.string</name>
         <load_address>0x3e291c</load_address>
         <run_address>0x3e291c</run_address>
         <size>0x18</size>
         <input_file_ref idref="fl-12"/>
      </object_component>
      <object_component id="oc-291">
         <name>.econst:_g_sBulkHandlers</name>
         <load_address>0x3e2934</load_address>
         <run_address>0x3e2934</run_address>
         <size>0x18</size>
         <input_file_ref idref="fl-38"/>
      </object_component>
      <object_component id="oc-27e">
         <name>.econst:_g_pui8BulkInterface</name>
         <load_address>0x3e294c</load_address>
         <run_address>0x3e294c</run_address>
         <size>0x17</size>
         <input_file_ref idref="fl-38"/>
      </object_component>
      <object_component id="oc-279">
         <name>.econst:_g_pui8ManufacturerString</name>
         <load_address>0x3e2963</load_address>
         <run_address>0x3e2963</run_address>
         <size>0x16</size>
         <input_file_ref idref="fl-2a"/>
      </object_component>
      <object_component id="oc-11b">
         <name>.econst:.string</name>
         <load_address>0x3e297a</load_address>
         <run_address>0x3e297a</run_address>
         <size>0x13</size>
         <input_file_ref idref="fl-1a"/>
      </object_component>
      <object_component id="oc-27b">
         <name>.econst:_g_pui8SerialNumberString</name>
         <load_address>0x3e298d</load_address>
         <run_address>0x3e298d</run_address>
         <size>0x12</size>
         <input_file_ref idref="fl-2a"/>
      </object_component>
      <object_component id="oc-265">
         <name>.econst:_g_sRxBuffer</name>
         <load_address>0x3e29a0</load_address>
         <run_address>0x3e29a0</run_address>
         <size>0x12</size>
         <input_file_ref idref="fl-2a"/>
      </object_component>
      <object_component id="oc-266">
         <name>.econst:_g_sTxBuffer</name>
         <load_address>0x3e29b2</load_address>
         <run_address>0x3e29b2</run_address>
         <size>0x12</size>
         <input_file_ref idref="fl-2a"/>
      </object_component>
      <object_component id="oc-155">
         <name>.econst:.string</name>
         <load_address>0x3e29c4</load_address>
         <run_address>0x3e29c4</run_address>
         <size>0x10</size>
         <input_file_ref idref="fl-23"/>
      </object_component>
      <object_component id="oc-cf">
         <name>.econst</name>
         <load_address>0x3e29d4</load_address>
         <run_address>0x3e29d4</run_address>
         <size>0x10</size>
         <input_file_ref idref="fl-e"/>
      </object_component>
      <object_component id="oc-dd">
         <name>.econst:.string</name>
         <load_address>0x3e29e4</load_address>
         <run_address>0x3e29e4</run_address>
         <size>0xf</size>
         <input_file_ref idref="fl-10"/>
      </object_component>
      <object_component id="oc-29d">
         <name>.econst:_$P$T0$1</name>
         <load_address>0x3e29f3</load_address>
         <run_address>0x3e29f3</run_address>
         <size>0xf</size>
         <input_file_ref idref="fl-20"/>
      </object_component>
      <object_component id="oc-c8">
         <name>.econst:.string</name>
         <load_address>0x3e2a02</load_address>
         <run_address>0x3e2a02</run_address>
         <size>0xd</size>
         <input_file_ref idref="fl-d"/>
      </object_component>
      <object_component id="oc-140">
         <name>.econst:.string</name>
         <load_address>0x3e2a10</load_address>
         <run_address>0x3e2a10</run_address>
         <size>0xd</size>
         <input_file_ref idref="fl-20"/>
      </object_component>
      <object_component id="oc-267">
         <name>.econst:_g_ppui8StringDescriptors</name>
         <load_address>0x3e2a1e</load_address>
         <run_address>0x3e2a1e</run_address>
         <size>0xc</size>
         <input_file_ref idref="fl-2a"/>
      </object_component>
      <object_component id="oc-d5">
         <name>.econst</name>
         <load_address>0x3e2a2a</load_address>
         <run_address>0x3e2a2a</run_address>
         <size>0x8</size>
         <input_file_ref idref="fl-f"/>
      </object_component>
      <object_component id="oc-29f">
         <name>.econst:_g_ulUARTBase</name>
         <load_address>0x3e2a32</load_address>
         <run_address>0x3e2a32</run_address>
         <size>0x6</size>
         <input_file_ref idref="fl-c"/>
      </object_component>
      <object_component id="oc-29e">
         <name>.econst:_g_ulUARTPeriph</name>
         <load_address>0x3e2a38</load_address>
         <run_address>0x3e2a38</run_address>
         <size>0x6</size>
         <input_file_ref idref="fl-c"/>
      </object_component>
      <object_component id="oc-278">
         <name>.econst:_g_pui8LangDescriptor</name>
         <load_address>0x3e2a3e</load_address>
         <run_address>0x3e2a3e</run_address>
         <size>0x4</size>
         <input_file_ref idref="fl-2a"/>
      </object_component>
      <object_component id="oc-2ac">
         <name>.econst:_g_sBulkConfigHeader</name>
         <load_address>0x3e2a42</load_address>
         <run_address>0x3e2a42</run_address>
         <size>0x4</size>
         <input_file_ref idref="fl-38"/>
      </object_component>
      <object_component id="oc-268">
         <name>.econst:_g_sBulkConfigSection</name>
         <load_address>0x3e2a46</load_address>
         <run_address>0x3e2a46</run_address>
         <size>0x4</size>
         <input_file_ref idref="fl-38"/>
      </object_component>
      <object_component id="oc-269">
         <name>.econst:_g_sBulkInterfaceSection</name>
         <load_address>0x3e2a4a</load_address>
         <run_address>0x3e2a4a</run_address>
         <size>0x4</size>
         <input_file_ref idref="fl-38"/>
      </object_component>
      <object_component id="oc-292">
         <name>.econst:_g_ppBulkConfigDescriptors</name>
         <load_address>0x3e2a4e</load_address>
         <run_address>0x3e2a4e</run_address>
         <size>0x2</size>
         <input_file_ref idref="fl-38"/>
      </object_component>
      <object_component id="oc-c1">
         <name>.econst</name>
         <load_address>0x3e2a50</load_address>
         <run_address>0x3e2a50</run_address>
         <size>0x2</size>
         <input_file_ref idref="fl-c"/>
      </object_component>
      <object_component id="oc-2a8">
         <name>.switch:_Read_NPRefl_Position</name>
         <load_address>0x3e2ca0</load_address>
         <run_address>0x3e2ca0</run_address>
         <size>0x1c</size>
         <input_file_ref idref="fl-19"/>
      </object_component>
      <object_component id="oc-1de">
         <name>.reset</name>
         <load_address>0x3fffc0</load_address>
         <run_address>0x3fffc0</run_address>
         <size>0x2</size>
         <input_file_ref idref="fl-41"/>
      </object_component>
      <object_component id="oc-ab">
         <name>PieVectTableFile</name>
         <uninitialized>true</uninitialized>
         <run_address>0xd00</run_address>
         <size>0x100</size>
         <input_file_ref idref="fl-8"/>
      </object_component>
      <object_component id="oc-76">
         <name>EmuKeyVar</name>
         <uninitialized>true</uninitialized>
         <run_address>0xd00</run_address>
         <size>0x1</size>
         <input_file_ref idref="fl-8"/>
      </object_component>
      <object_component id="oc-77">
         <name>EmuBModeVar</name>
         <uninitialized>true</uninitialized>
         <run_address>0xd01</run_address>
         <size>0x1</size>
         <input_file_ref idref="fl-8"/>
      </object_component>
      <object_component id="oc-78">
         <name>FlashCallbackVar</name>
         <uninitialized>true</uninitialized>
         <run_address>0xd02</run_address>
         <size>0x2</size>
         <input_file_ref idref="fl-8"/>
      </object_component>
      <object_component id="oc-79">
         <name>FlashScalingVar</name>
         <uninitialized>true</uninitialized>
         <run_address>0xd04</run_address>
         <size>0x2</size>
         <input_file_ref idref="fl-8"/>
      </object_component>
      <object_component id="oc-7b">
         <name>DevEmuRegsFile</name>
         <uninitialized>true</uninitialized>
         <run_address>0x880</run_address>
         <size>0x4</size>
         <input_file_ref idref="fl-8"/>
      </object_component>
      <object_component id="oc-7a">
         <name>SysPwrCtrlRegsFile</name>
         <uninitialized>true</uninitialized>
         <run_address>0x985</run_address>
         <size>0x3</size>
         <input_file_ref idref="fl-8"/>
      </object_component>
      <object_component id="oc-7c">
         <name>FlashRegsFile</name>
         <uninitialized>true</uninitialized>
         <run_address>0xa80</run_address>
         <size>0x8</size>
         <input_file_ref idref="fl-8"/>
      </object_component>
      <object_component id="oc-86">
         <name>CsmRegsFile</name>
         <uninitialized>true</uninitialized>
         <run_address>0xae0</run_address>
         <size>0x10</size>
         <input_file_ref idref="fl-8"/>
      </object_component>
      <object_component id="oc-83">
         <name>AdcResultFile</name>
         <uninitialized>true</uninitialized>
         <run_address>0xb00</run_address>
         <size>0x10</size>
         <input_file_ref idref="fl-8"/>
      </object_component>
      <object_component id="oc-7d">
         <name>CpuTimer0RegsFile</name>
         <uninitialized>true</uninitialized>
         <run_address>0xc00</run_address>
         <size>0x8</size>
         <input_file_ref idref="fl-8"/>
      </object_component>
      <object_component id="oc-80">
         <name>CpuTimer1RegsFile</name>
         <uninitialized>true</uninitialized>
         <run_address>0xc08</run_address>
         <size>0x8</size>
         <input_file_ref idref="fl-8"/>
      </object_component>
      <object_component id="oc-7e">
         <name>CpuTimer2RegsFile</name>
         <uninitialized>true</uninitialized>
         <run_address>0xc10</run_address>
         <size>0x8</size>
         <input_file_ref idref="fl-8"/>
      </object_component>
      <object_component id="oc-8c">
         <name>PieCtrlRegsFile</name>
         <uninitialized>true</uninitialized>
         <run_address>0xce0</run_address>
         <size>0x1a</size>
         <input_file_ref idref="fl-8"/>
      </object_component>
      <object_component id="oc-a1">
         <name>Cla1RegsFile</name>
         <uninitialized>true</uninitialized>
         <run_address>0x1400</run_address>
         <size>0x40</size>
         <input_file_ref idref="fl-8"/>
      </object_component>
      <object_component id="oc-aa">
         <name>DmaRegsFile</name>
         <uninitialized>true</uninitialized>
         <run_address>0x1000</run_address>
         <size>0xe0</size>
         <input_file_ref idref="fl-8"/>
      </object_component>
      <object_component id="oc-9b">
         <name>ECanaRegsFile</name>
         <uninitialized>true</uninitialized>
         <run_address>0x6000</run_address>
         <size>0x34</size>
         <input_file_ref idref="fl-8"/>
      </object_component>
      <object_component id="oc-9f">
         <name>ECanaLAMRegsFile</name>
         <uninitialized>true</uninitialized>
         <run_address>0x6040</run_address>
         <size>0x40</size>
         <input_file_ref idref="fl-8"/>
      </object_component>
      <object_component id="oc-ac">
         <name>ECanaMboxesFile</name>
         <uninitialized>true</uninitialized>
         <run_address>0x6100</run_address>
         <size>0x100</size>
         <input_file_ref idref="fl-8"/>
      </object_component>
      <object_component id="oc-a0">
         <name>ECanaMOTSRegsFile</name>
         <uninitialized>true</uninitialized>
         <run_address>0x6080</run_address>
         <size>0x40</size>
         <input_file_ref idref="fl-8"/>
      </object_component>
      <object_component id="oc-9c">
         <name>ECanaMOTORegsFile</name>
         <uninitialized>true</uninitialized>
         <run_address>0x60c0</run_address>
         <size>0x40</size>
         <input_file_ref idref="fl-8"/>
      </object_component>
      <object_component id="oc-94">
         <name>ECap1RegsFile</name>
         <uninitialized>true</uninitialized>
         <run_address>0x6a00</run_address>
         <size>0x20</size>
         <input_file_ref idref="fl-8"/>
      </object_component>
      <object_component id="oc-93">
         <name>ECap2RegsFile</name>
         <uninitialized>true</uninitialized>
         <run_address>0x6a20</run_address>
         <size>0x20</size>
         <input_file_ref idref="fl-8"/>
      </object_component>
      <object_component id="oc-95">
         <name>ECap3RegsFile</name>
         <uninitialized>true</uninitialized>
         <run_address>0x6a40</run_address>
         <size>0x20</size>
         <input_file_ref idref="fl-8"/>
      </object_component>
      <object_component id="oc-98">
         <name>EQep1RegsFile</name>
         <uninitialized>true</uninitialized>
         <run_address>0x6b00</run_address>
         <size>0x22</size>
         <input_file_ref idref="fl-8"/>
      </object_component>
      <object_component id="oc-96">
         <name>EQep2RegsFile</name>
         <uninitialized>true</uninitialized>
         <run_address>0x6b40</run_address>
         <size>0x22</size>
         <input_file_ref idref="fl-8"/>
      </object_component>
      <object_component id="oc-a4">
         <name>GpioCtrlRegsFile</name>
         <uninitialized>true</uninitialized>
         <run_address>0x6f80</run_address>
         <size>0x40</size>
         <input_file_ref idref="fl-8"/>
      </object_component>
      <object_component id="oc-8e">
         <name>GpioDataRegsFile</name>
         <uninitialized>true</uninitialized>
         <run_address>0x6fc0</run_address>
         <size>0x20</size>
         <input_file_ref idref="fl-8"/>
      </object_component>
      <object_component id="oc-8d">
         <name>GpioIntRegsFile</name>
         <uninitialized>true</uninitialized>
         <run_address>0x6fe0</run_address>
         <size>0x20</size>
         <input_file_ref idref="fl-8"/>
      </object_component>
      <object_component id="oc-91">
         <name>HRCap1RegsFile</name>
         <uninitialized>true</uninitialized>
         <run_address>0x6ac0</run_address>
         <size>0x20</size>
         <input_file_ref idref="fl-8"/>
      </object_component>
      <object_component id="oc-92">
         <name>HRCap2RegsFile</name>
         <uninitialized>true</uninitialized>
         <run_address>0x6ae0</run_address>
         <size>0x20</size>
         <input_file_ref idref="fl-8"/>
      </object_component>
      <object_component id="oc-8f">
         <name>HRCap3RegsFile</name>
         <uninitialized>true</uninitialized>
         <run_address>0x6c80</run_address>
         <size>0x20</size>
         <input_file_ref idref="fl-8"/>
      </object_component>
      <object_component id="oc-90">
         <name>HRCap4RegsFile</name>
         <uninitialized>true</uninitialized>
         <run_address>0x6ca0</run_address>
         <size>0x20</size>
         <input_file_ref idref="fl-8"/>
      </object_component>
      <object_component id="oc-9a">
         <name>SysCtrlRegsFile</name>
         <uninitialized>true</uninitialized>
         <run_address>0x7010</run_address>
         <size>0x30</size>
         <input_file_ref idref="fl-8"/>
      </object_component>
      <object_component id="oc-82">
         <name>SpiaRegsFile</name>
         <uninitialized>true</uninitialized>
         <run_address>0x7040</run_address>
         <size>0x10</size>
         <input_file_ref idref="fl-8"/>
      </object_component>
      <object_component id="oc-87">
         <name>SpibRegsFile</name>
         <uninitialized>true</uninitialized>
         <run_address>0x7740</run_address>
         <size>0x10</size>
         <input_file_ref idref="fl-8"/>
      </object_component>
      <object_component id="oc-84">
         <name>SciaRegsFile</name>
         <uninitialized>true</uninitialized>
         <run_address>0x7050</run_address>
         <size>0x10</size>
         <input_file_ref idref="fl-8"/>
      </object_component>
      <object_component id="oc-81">
         <name>ScibRegsFile</name>
         <uninitialized>true</uninitialized>
         <run_address>0x7750</run_address>
         <size>0x10</size>
         <input_file_ref idref="fl-8"/>
      </object_component>
      <object_component id="oc-85">
         <name>NmiIntruptRegsFile</name>
         <uninitialized>true</uninitialized>
         <run_address>0x7060</run_address>
         <size>0x10</size>
         <input_file_ref idref="fl-8"/>
      </object_component>
      <object_component id="oc-88">
         <name>XIntruptRegsFile</name>
         <uninitialized>true</uninitialized>
         <run_address>0x7070</run_address>
         <size>0x10</size>
         <input_file_ref idref="fl-8"/>
      </object_component>
      <object_component id="oc-a9">
         <name>AdcRegsFile</name>
         <uninitialized>true</uninitialized>
         <run_address>0x7100</run_address>
         <size>0x50</size>
         <input_file_ref idref="fl-8"/>
      </object_component>
      <object_component id="oc-97">
         <name>I2caRegsFile</name>
         <uninitialized>true</uninitialized>
         <run_address>0x7900</run_address>
         <size>0x22</size>
         <input_file_ref idref="fl-8"/>
      </object_component>
      <object_component id="oc-8a">
         <name>Comp1RegsFile</name>
         <uninitialized>true</uninitialized>
         <run_address>0x6400</run_address>
         <size>0x14</size>
         <input_file_ref idref="fl-8"/>
      </object_component>
      <object_component id="oc-89">
         <name>Comp2RegsFile</name>
         <uninitialized>true</uninitialized>
         <run_address>0x6420</run_address>
         <size>0x14</size>
         <input_file_ref idref="fl-8"/>
      </object_component>
      <object_component id="oc-8b">
         <name>Comp3RegsFile</name>
         <uninitialized>true</uninitialized>
         <run_address>0x6440</run_address>
         <size>0x14</size>
         <input_file_ref idref="fl-8"/>
      </object_component>
      <object_component id="oc-9e">
         <name>EPwm1RegsFile</name>
         <uninitialized>true</uninitialized>
         <run_address>0x6800</run_address>
         <size>0x40</size>
         <input_file_ref idref="fl-8"/>
      </object_component>
      <object_component id="oc-9d">
         <name>EPwm2RegsFile</name>
         <uninitialized>true</uninitialized>
         <run_address>0x6840</run_address>
         <size>0x40</size>
         <input_file_ref idref="fl-8"/>
      </object_component>
      <object_component id="oc-a8">
         <name>EPwm3RegsFile</name>
         <uninitialized>true</uninitialized>
         <run_address>0x6880</run_address>
         <size>0x40</size>
         <input_file_ref idref="fl-8"/>
      </object_component>
      <object_component id="oc-a6">
         <name>EPwm4RegsFile</name>
         <uninitialized>true</uninitialized>
         <run_address>0x68c0</run_address>
         <size>0x40</size>
         <input_file_ref idref="fl-8"/>
      </object_component>
      <object_component id="oc-a7">
         <name>EPwm5RegsFile</name>
         <uninitialized>true</uninitialized>
         <run_address>0x6900</run_address>
         <size>0x40</size>
         <input_file_ref idref="fl-8"/>
      </object_component>
      <object_component id="oc-a3">
         <name>EPwm6RegsFile</name>
         <uninitialized>true</uninitialized>
         <run_address>0x6940</run_address>
         <size>0x40</size>
         <input_file_ref idref="fl-8"/>
      </object_component>
      <object_component id="oc-a2">
         <name>EPwm7RegsFile</name>
         <uninitialized>true</uninitialized>
         <run_address>0x6980</run_address>
         <size>0x40</size>
         <input_file_ref idref="fl-8"/>
      </object_component>
      <object_component id="oc-a5">
         <name>EPwm8RegsFile</name>
         <uninitialized>true</uninitialized>
         <run_address>0x69c0</run_address>
         <size>0x40</size>
         <input_file_ref idref="fl-8"/>
      </object_component>
      <object_component id="oc-99">
         <name>McbspaRegsFile</name>
         <uninitialized>true</uninitialized>
         <run_address>0x5000</run_address>
         <size>0x24</size>
         <input_file_ref idref="fl-8"/>
      </object_component>
      <object_component id="oc-ad">
         <name>Usb0RegsFile</name>
         <uninitialized>true</uninitialized>
         <run_address>0x4000</run_address>
         <size>0x454</size>
         <input_file_ref idref="fl-8"/>
      </object_component>
      <object_component id="oc-7f">
         <name>CsmPwlFile</name>
         <uninitialized>true</uninitialized>
         <run_address>0x3f7ff8</run_address>
         <size>0x8</size>
         <input_file_ref idref="fl-8"/>
      </object_component>
      <object_component id="oc-75">
         <name>PartIdRegsFile</name>
         <uninitialized>true</uninitialized>
         <run_address>0x3d7e80</run_address>
         <size>0x1</size>
         <input_file_ref idref="fl-8"/>
      </object_component>
      <object_component id="oc-58">
         <name>.debug_info</name>
         <load_address>0x0</load_address>
         <run_address>0x0</run_address>
         <size>0x156</size>
         <input_file_ref idref="fl-2"/>
      </object_component>
      <object_component id="oc-5d">
         <name>.debug_info</name>
         <load_address>0x156</load_address>
         <run_address>0x156</run_address>
         <size>0xc8</size>
         <input_file_ref idref="fl-3"/>
      </object_component>
      <object_component id="oc-63">
         <name>.debug_info</name>
         <load_address>0x21e</load_address>
         <run_address>0x21e</run_address>
         <size>0x4c54</size>
         <input_file_ref idref="fl-5"/>
      </object_component>
      <object_component id="oc-68">
         <name>.debug_info</name>
         <load_address>0x4e72</load_address>
         <run_address>0x4e72</run_address>
         <size>0xa0e</size>
         <input_file_ref idref="fl-6"/>
      </object_component>
      <object_component id="oc-6e">
         <name>.debug_info</name>
         <load_address>0x5880</load_address>
         <run_address>0x5880</run_address>
         <size>0x2672</size>
         <input_file_ref idref="fl-7"/>
      </object_component>
      <object_component id="oc-74">
         <name>.debug_info</name>
         <load_address>0x7ef2</load_address>
         <run_address>0x7ef2</run_address>
         <size>0x1b09e</size>
         <input_file_ref idref="fl-8"/>
      </object_component>
      <object_component id="oc-af">
         <name>.debug_info</name>
         <load_address>0x22f90</load_address>
         <run_address>0x22f90</run_address>
         <size>0xb39</size>
         <input_file_ref idref="fl-9"/>
      </object_component>
[...]
         <object_component_ref idref="oc-26f"/>
      </symbol>
      <symbol id="sm-df7">
         <name>_g_psDCDInst</name>
         <value>0xbc84</value>
         <object_component_ref idref="oc-1b1"/>
      </symbol>
      <symbol id="sm-df8">
         <name>_USBDeviceEnumResetHandler</name>
         <value>0x3db654</value>
         <object_component_ref idref="oc-26f"/>
      </symbol>
      <symbol id="sm-df9">
         <name>_USBDCDDeviceInfoInit</name>
         <value>0x3db40f</value>
         <object_component_ref idref="oc-26f"/>
      </symbol>
      <symbol id="sm-dfa">
         <name>_USBDCDStallEP0</name>
         <value>0x3db4f5</value>
         <object_component_ref idref="oc-26f"/>
      </symbol>
      <symbol id="sm-dfb">
         <name>_USBDCDTerm</name>
         <value>0x3db49d</value>
         <object_component_ref idref="oc-26f"/>
      </symbol>
      <symbol id="sm-dfc">
         <name>_USBDCDRequestDataEP0</name>
         <value>0x3db4d0</value>
         <object_component_ref idref="oc-26f"/>
      </symbol>
      <symbol id="sm-dfd">
         <name>_USBDeviceIntHandlerInternal</name>
         <value>0x3dbbb5</value>
         <object_component_ref idref="oc-26f"/>
      </symbol>
      <symbol id="sm-dfe">
         <name>_USBDeviceEnumHandler</name>
         <value>0x3db596</value>
         <object_component_ref idref="oc-26f"/>
      </symbol>
      <symbol id="sm-dff">
         <name>_g_ppsDevInfo</name>
         <value>0xbc80</value>
         <object_component_ref idref="oc-1b1"/>
      </symbol>
      <symbol id="sm-e00">
         <name>_USBDCDSendDataEP0</name>
         <value>0x3db4de</value>
         <object_component_ref idref="oc-26f"/>
      </symbol>
      <symbol id="sm-e01">
         <name>_USBDeviceResumeTickHandler</name>
         <value>0x3db529</value>
         <object_component_ref idref="oc-26f"/>
      </symbol>
      <symbol id="sm-e02">
         <name>_USBDCDRemoteWakeupRequest</name>
         <value>0x3db513</value>
         <object_component_ref idref="oc-26f"/>
      </symbol>
      <symbol id="sm-e03">
         <name>_USBDCDSetDefaultConfiguration</name>
         <value>0x3db4ed</value>
         <object_component_ref idref="oc-26f"/>
      </symbol>
      <symbol id="sm-e04">
         <name>_USBDCDPowerStatusSet</name>
         <value>0x3db506</value>
         <object_component_ref idref="oc-26f"/>
      </symbol>
      <symbol id="sm-e11">
         <name>_USB0DeviceIntHandler</name>
         <value>0x3e22ca</value>
         <object_component_ref idref="oc-260"/>
      </symbol>
      <symbol id="sm-f39">
         <name>_USB0HostIntHandler</name>
         <value>0x3d9073</value>
         <object_component_ref idref="oc-261"/>
      </symbol>
      <symbol id="sm-f3a">
         <name>_USBHCDPipeStatus</name>
         <value>0x3d847a</value>
         <object_component_ref idref="oc-261"/>
      </symbol>
      <symbol id="sm-f3b">
         <name>_USBHCDDevProtocol</name>
         <value>0x3d95ae</value>
         <object_component_ref idref="oc-261"/>
      </symbol>
      <symbol id="sm-f3c">
         <name>_USBHCDPipeDataAck</name>
         <value>0x3d8651</value>
         <object_component_ref idref="oc-261"/>
      </symbol>
      <symbol id="sm-f3d">
         <name>_USBHCDSetAddress</name>
         <value>0x3d8b79</value>
         <object_component_ref idref="oc-261"/>
      </symbol>
      <symbol id="sm-f3e">
         <name>_USBHCDPipeAllocSize</name>
         <value>0x3d81a5</value>
         <object_component_ref idref="oc-261"/>
      </symbol>
      <symbol id="sm-f3f">
         <name>_USBHCDDevClass</name>
         <value>0x3d9564</value>
         <object_component_ref idref="oc-261"/>
      </symbol>
      <symbol id="sm-f40">
         <name>_USBHCDSuspend</name>
         <value>0x3d8ab2</value>
         <object_component_ref idref="oc-261"/>
      </symbol>
      <symbol id="sm-f41">
         <name>_USBHCDEventDisable</name>
         <value>0x3d80d7</value>
         <object_component_ref idref="oc-261"/>
      </symbol>
      <symbol id="sm-f42">
         <name>_USBHCDPowerConfigSet</name>
         <value>0x3d899b</value>
         <object_component_ref idref="oc-261"/>
      </symbol>
      <symbol id="sm-f43">
         <name>_USBHCDPowerConfigInit</name>
         <value>0x3d898c</value>
         <object_component_ref idref="oc-261"/>
      </symbol>
      <symbol id="sm-f44">
         <name>_USBHCDHubDeviceDisconnected</name>
         <value>0x3d9441</value>
         <object_component_ref idref="oc-261"/>
      </symbol>
      <symbol id="sm-f45">
         <name>_USBHCDPowerAutomatic</name>
         <value>0x3d89c5</value>
         <object_component_ref idref="oc-261"/>
      </symbol>
      <symbol id="sm-f46">
         <name>_USBHCDReset</name>
         <value>0x3d8a8c</value>
         <object_component_ref idref="oc-261"/>
      </symbol>
      <symbol id="sm-f47">
         <name>_ConfigDescFree</name>
         <value>0x3d8055</value>
         <object_component_ref idref="oc-261"/>
      </symbol>
      <symbol id="sm-f48">
         <name>_USBHCDInit</name>
         <value>0x3d89d0</value>
         <object_component_ref idref="oc-261"/>
      </symbol>
      <symbol id="sm-f49">
         <name>_USBHCDResume</name>
         <value>0x3d8abb</value>
         <object_component_ref idref="oc-261"/>
      </symbol>
      <symbol id="sm-f4a">
         <name>_USBHCDPipeRead</name>
         <value>0x3d866e</value>
         <object_component_ref idref="oc-261"/>
      </symbol>
      <symbol id="sm-f4b">
         <name>_USBHCDPipeReadNonBlocking</name>
         <value>0x3d8626</value>
         <object_component_ref idref="oc-261"/>
      </symbol>
      <symbol id="sm-f4c">
         <name>_USBHCDPipeWrite</name>
         <value>0x3d847f</value>
         <object_component_ref idref="oc-261"/>
      </symbol>
      <symbol id="sm-f4d">
         <name>_USBHCDMain</name>
         <value>0x3d9199</value>
         <object_component_ref idref="oc-261"/>
      </symbol>
      <symbol id="sm-f4e">
         <name>_USBHostIntHandlerInternal</name>
         <value>0x3d8cfd</value>
         <object_component_ref idref="oc-261"/>
      </symbol>
      <symbol id="sm-f4f">
         <name>_ConfigDescAlloc</name>
         <value>0x3d8004</value>
         <object_component_ref idref="oc-261"/>
      </symbol>
      <symbol id="sm-f50">
         <name>_USBHCDRegisterDrivers</name>
         <value>0x3d8a21</value>
         <object_component_ref idref="oc-261"/>
      </symbol>
      <symbol id="sm-f51">
         <name>_USBHCDSetConfig</name>
         <value>0x3d8c22</value>
         <object_component_ref idref="oc-261"/>
      </symbol>
      <symbol id="sm-f52">
         <name>_USBHCDSetInterface</name>
         <value>0x3d8c46</value>
         <object_component_ref idref="oc-261"/>
      </symbol>
      <symbol id="sm-f53">
         <name>_InternalUSBHCDSendEvent</name>
         <value>0x3d90ed</value>
         <object_component_ref idref="oc-261"/>
      </symbol>
      <symbol id="sm-f54">
         <name>_USBHCDPipeSchedule</name>
         <value>0x3d857f</value>
         <object_component_ref idref="oc-261"/>
      </symbol>
      <symbol id="sm-f55">
         <name>_USBHCDDevSubClass</name>
         <value>0x3d9589</value>
         <object_component_ref idref="oc-261"/>
      </symbol>
      <symbol id="sm-f56">
         <name>_USBHCDTerm</name>
         <value>0x3d8a2c</value>
         <object_component_ref idref="oc-261"/>
      </symbol>
      <symbol id="sm-f57">
         <name>_USBHCDPipeConfig</name>
         <value>0x3d83aa</value>
         <object_component_ref idref="oc-261"/>
      </symbol>
      <symbol id="sm-f58">
         <name>_USBHCDHubDeviceConnected</name>
         <value>0x3d93eb</value>
         <object_component_ref idref="oc-261"/>
      </symbol>
      <symbol id="sm-f59">
         <name>_USBHCDPipeFree</name>
         <value>0x3d8783</value>
         <object_component_ref idref="oc-261"/>
      </symbol>
      <symbol id="sm-f5a">
         <name>_USBHCDDevHubPort</name>
         <value>0x3d953c</value>
         <object_component_ref idref="oc-261"/>
      </symbol>
      <symbol id="sm-f5b">
         <name>_USBHostCheckPipes</name>
         <value>0x3d8c72</value>
         <object_component_ref idref="oc-261"/>
      </symbol>
      <symbol id="sm-f5c">
         <name>_USBHCDControlTransfer</name>
         <value>0x3d9359</value>
         <object_component_ref idref="oc-261"/>
      </symbol>
      <symbol id="sm-f5d">
         <name>_USBHCDEventEnable</name>
         <value>0x3d80c2</value>
         <object_component_ref idref="oc-261"/>
      </symbol>
      <symbol id="sm-f5e">
         <name>_USBHCDPipeAlloc</name>
         <value>0x3d839b</value>
         <object_component_ref idref="oc-261"/>
      </symbol>
      <symbol id="sm-f5f">
         <name>_USBHCDDevAddress</name>
         <value>0x3d9550</value>
         <object_component_ref idref="oc-261"/>
      </symbol>
      <symbol id="sm-f60">
         <name>_USBHCDPowerConfigGet</name>
         <value>0x3d8994</value>
         <object_component_ref idref="oc-261"/>
      </symbol>
      <symbol id="sm-f83">
         <name>_USBDescGetInterfaceEndpoint</name>
         <value>0x3e194b</value>
         <object_component_ref idref="oc-275"/>
      </symbol>
      <symbol id="sm-f84">
         <name>_USBDescGet</name>
         <value>0x3e18b8</value>
         <object_component_ref idref="oc-275"/>
      </symbol>
      <symbol id="sm-f85">
         <name>_USBDescGetNumAlternateInterfaces</name>
         <value>0x3e18e3</value>
         <object_component_ref idref="oc-275"/>
      </symbol>
      <symbol id="sm-f86">
         <name>_USBDescGetNum</name>
         <value>0x3e1892</value>
         <object_component_ref idref="oc-275"/>
      </symbol>
      <symbol id="sm-f87">
         <name>_USBDescGetInterface</name>
         <value>0x3e1931</value>
         <object_component_ref idref="oc-275"/>
      </symbol>
      <symbol id="sm-faa">
         <name>_USBLibDMAInit</name>
         <value>0x3e1839</value>
         <object_component_ref idref="oc-272"/>
      </symbol>
      <symbol id="sm-fd2">
         <name>_USBDCDConfigGetInterface</name>
         <value>0x3e11eb</value>
         <object_component_ref idref="oc-28f"/>
      </symbol>
      <symbol id="sm-fd3">
         <name>_USBDCDConfigDescGetNum</name>
         <value>0x3e115d</value>
         <object_component_ref idref="oc-28f"/>
      </symbol>
      <symbol id="sm-fd4">
         <name>_USBDCDConfigDescGetSize</name>
         <value>0x3e1144</value>
         <object_component_ref idref="oc-28f"/>
      </symbol>
      <symbol id="sm-fd5">
         <name>_USBDCDConfigGetInterfaceEndpoint</name>
         <value>0x3e1204</value>
         <object_component_ref idref="oc-28f"/>
      </symbol>
      <symbol id="sm-fd6">
         <name>_USBDCDConfigDescGet</name>
         <value>0x3e1182</value>
         <object_component_ref idref="oc-28f"/>
      </symbol>
      <symbol id="sm-fd7">
         <name>_USBDCDConfigGetNumAlternateInterfaces</name>
         <value>0x3e11c6</value>
         <object_component_ref idref="oc-28f"/>
      </symbol>
      <symbol id="sm-1010">
         <name>_USBDeviceConfigAlternate</name>
         <value>0x3e087a</value>
         <object_component_ref idref="oc-290"/>
      </symbol>
      <symbol id="sm-1011">
         <name>_USBDeviceConfig</name>
         <value>0x3e073d</value>
         <object_component_ref idref="oc-290"/>
      </symbol>
      <symbol id="sm-1068">
         <name>_USBHHubInit</name>
         <value>0x3de976</value>
         <object_component_ref idref="oc-271"/>
      </symbol>
      <symbol id="sm-1069">
         <name>_USBHHubOpen</name>
         <value>0x3de95f</value>
         <object_component_ref idref="oc-271"/>
      </symbol>
      <symbol id="sm-106a">
         <name>_USBHHubClose</name>
         <value>0x3de96d</value>
         <object_component_ref idref="oc-271"/>
      </symbol>
      <symbol id="sm-106b">
         <name>_USBHHubMain</name>
         <value>0x3de850</value>
         <object_component_ref idref="oc-271"/>
      </symbol>
      <symbol id="sm-106c">
         <name>_USBHHubEnumerationComplete</name>
         <value>0x3de93d</value>
         <object_component_ref idref="oc-271"/>
      </symbol>
      <symbol id="sm-106d">
         <name>_USBHHubEnumerationError</name>
         <value>0x3de94e</value>
         <object_component_ref idref="oc-271"/>
      </symbol>
      <symbol id="sm-1088">
         <name>_c_int00</name>
         <value>0x3e2021</value>
         <object_component_ref idref="oc-55"/>
      </symbol>
      <symbol id="sm-1089">
         <name>__stack</name>
         <value>0x400</value>
         <object_component_ref idref="oc-1dd"/>
      </symbol>
      <symbol id="sm-1098">
         <name>_copy_in</name>
         <value>0x3e21ba</value>
         <object_component_ref idref="oc-25c"/>
      </symbol>
      <symbol id="sm-10ac">
         <name>C$$EXIT</name>
         <value>0x3e2143</value>
         <object_component_ref idref="oc-25f"/>
      </symbol>
      <symbol id="sm-10ad">
         <name>_exit</name>
         <value>0x3e2145</value>
         <object_component_ref idref="oc-25f"/>
      </symbol>
      <symbol id="sm-10ae">
         <name>___TI_cleanup_ptr</name>
         <value>0xb8fa</value>
         <object_component_ref idref="oc-1ea"/>
      </symbol>
      <symbol id="sm-10af">
         <name>___TI_enable_exit_profile_output</name>
         <value>0xb8f8</value>
         <object_component_ref idref="oc-1ea"/>
      </symbol>
      <symbol id="sm-10b0">
         <name>_abort</name>
         <value>0x3e2143</value>
         <object_component_ref idref="oc-25f"/>
      </symbol>
      <symbol id="sm-10b1">
         <name>___TI_dtors_ptr</name>
         <value>0xb8fc</value>
         <object_component_ref idref="oc-1ea"/>
      </symbol>
      <symbol id="sm-10c8">
         <name>FD$$DIV</name>
         <value>0x3e1d2a</value>
         <object_component_ref idref="oc-1ef"/>
      </symbol>
      <symbol id="sm-10da">
         <name>FD$$MPY</name>
         <value>0x3e1e3d</value>
         <object_component_ref idref="oc-1f4"/>
      </symbol>
      <symbol id="sm-10e6">
         <name>FD$$SUB</name>
         <value>0x3e22fe</value>
         <object_component_ref idref="oc-1f9"/>
      </symbol>
      <symbol id="sm-10f6">
         <name>FD$$TOFS</name>
         <value>0x3e21de</value>
         <object_component_ref idref="oc-1fe"/>
      </symbol>
      <symbol id="sm-1105">
         <name>FD$$TOUL</name>
         <value>0x3e223b</value>
         <object_component_ref idref="oc-203"/>
      </symbol>
      <symbol id="sm-1116">
         <name>FS$$DIV</name>
         <value>0x3e1db5</value>
         <object_component_ref idref="oc-208"/>
      </symbol>
      <symbol id="sm-1126">
         <name>FS$$TOFD</name>
         <value>0x3e221f</value>
         <object_component_ref idref="oc-20d"/>
      </symbol>
      <symbol id="sm-1132">
         <name>_isascii</name>
         <value>0x3e234c</value>
         <object_component_ref idref="oc-295"/>
      </symbol>
      <symbol id="sm-113e">
         <name>UL$$MOD</name>
         <value>0x3e213d</value>
         <object_component_ref idref="oc-217"/>
      </symbol>
      <symbol id="sm-113f">
         <name>L$$MOD</name>
         <value>0x3e2128</value>
         <object_component_ref idref="oc-217"/>
      </symbol>
      <symbol id="sm-1140">
         <name>L$$DIV</name>
         <value>0x3e2119</value>
         <object_component_ref idref="oc-217"/>
      </symbol>
      <symbol id="sm-1141">
         <name>UL$$DIV</name>
         <value>0x3e2136</value>
         <object_component_ref idref="oc-217"/>
      </symbol>
      <symbol id="sm-114d">
         <name>LL$$AND</name>
         <value>0x3e2289</value>
         <object_component_ref idref="oc-21c"/>
      </symbol>
      <symbol id="sm-114e">
         <name>LL$$OR</name>
         <value>0x3e2291</value>
         <object_component_ref idref="oc-21c"/>
      </symbol>
      <symbol id="sm-114f">
         <name>LL$$XOR</name>
         <value>0x3e2299</value>
         <object_component_ref idref="oc-21c"/>
      </symbol>
      <symbol id="sm-1160">
         <name>_memcpy</name>
         <value>0x3e2201</value>
         <object_component_ref idref="oc-26a"/>
      </symbol>
      <symbol id="sm-11a7">
         <name>__sys_memory</name>
         <value>0xa000</value>
         <object_component_ref idref="oc-228"/>
      </symbol>
      <symbol id="sm-11a8">
         <name>_chkheap</name>
         <value>0x3e0a9c</value>
         <object_component_ref idref="oc-293"/>
      </symbol>
      <symbol id="sm-11a9">
         <name>_realloc</name>
         <value>0x3e09aa</value>
         <object_component_ref idref="oc-293"/>
      </symbol>
      <symbol id="sm-11aa">
         <name>_free_memory</name>
         <value>0x3e0a7e</value>
         <object_component_ref idref="oc-293"/>
      </symbol>
      <symbol id="sm-11ab">
         <name>_max_free</name>
         <value>0x3e0a5c</value>
         <object_component_ref idref="oc-293"/>
      </symbol>
      <symbol id="sm-11ac">
         <name>_free</name>
         <value>0x3e08e3</value>
         <object_component_ref idref="oc-293"/>
      </symbol>
      <symbol id="sm-11ad">
         <name>_calloc</name>
         <value>0x3e0a9e</value>
         <object_component_ref idref="oc-293"/>
      </symbol>
      <symbol id="sm-11ae">
         <name>_malloc</name>
         <value>0x3e094c</value>
         <object_component_ref idref="oc-293"/>
      </symbol>
      <symbol id="sm-11af">
         <name>_minit</name>
         <value>0x3e0927</value>
         <object_component_ref idref="oc-293"/>
      </symbol>
      <symbol id="sm-11bd">
         <name>_memset</name>
         <value>0x3e2319</value>
         <object_component_ref idref="oc-2aa"/>
      </symbol>
      <symbol id="sm-11c9">
         <name>__system_pre_init</name>
         <value>0x3e235c</value>
         <object_component_ref idref="oc-25b"/>
      </symbol>
      <symbol id="sm-11d5">
         <name>__system_post_cinit</name>
         <value>0x3e235e</value>
         <object_component_ref idref="oc-25d"/>
      </symbol>
      <symbol id="sm-11e2">
         <name>_strlen</name>
         <value>0x3e2354</value>
         <object_component_ref idref="oc-294"/>
      </symbol>
      <symbol id="sm-11f3">
         <name>UL$$TOFD</name>
         <value>0x3e22a1</value>
         <object_component_ref idref="oc-242"/>
      </symbol>
      <symbol id="sm-1200">
         <name>ULL$$TOFS</name>
         <value>0x3e22ed</value>
         <object_component_ref idref="oc-247"/>
      </symbol>
      <symbol id="sm-1214">
         <name>__unlock</name>
         <value>0xb8fe</value>
         <object_component_ref idref="oc-2ab"/>
      </symbol>
      <symbol id="sm-1215">
         <name>__lock</name>
         <value>0x8ffe</value>
         <object_component_ref idref="oc-26c"/>
      </symbol>
      <symbol id="sm-1216">
         <name>__register_lock</name>
         <value>0x3e2347</value>
         <object_component_ref idref="oc-28c"/>
      </symbol>
      <symbol id="sm-1217">
         <name>__nop</name>
         <value>0x3e234b</value>
         <object_component_ref idref="oc-28c"/>
      </symbol>
      <symbol id="sm-1218">
         <name>__register_unlock</name>
         <value>0x3e2343</value>
         <object_component_ref idref="oc-28c"/>
      </symbol>
      <symbol id="sm-1227">
         <name>__args_main</name>
         <value>0x3e2270</value>
         <object_component_ref idref="oc-25e"/>
      </symbol>
      <symbol id="sm-1242">
         <name>FD$$ADD</name>
         <value>0x3e1b66</value>
         <object_component_ref idref="oc-256"/>
      </symbol>
   </symbol_table>
   <title>Link successful</title>
</link_info>
